Component: ARM Compiler 5.06 update 5 (build 528) Tool: armlink [4d35e2]

==============================================================================

Section Cross References

    startup_stm32g431xx.o(STACK) refers (Special) to heapauxi.o(.text) for __use_two_region_memory
    startup_stm32g431xx.o(HEAP) refers (Special) to heapauxi.o(.text) for __use_two_region_memory
    startup_stm32g431xx.o(RESET) refers (Special) to heapauxi.o(.text) for __use_two_region_memory
    startup_stm32g431xx.o(RESET) refers to startup_stm32g431xx.o(STACK) for __initial_sp
    startup_stm32g431xx.o(RESET) refers to startup_stm32g431xx.o(.text) for Reset_Handler
    startup_stm32g431xx.o(RESET) refers to stm32g4xx_it.o(i.NMI_Handler) for NMI_Handler
    startup_stm32g431xx.o(RESET) refers to stm32g4xx_it.o(i.HardFault_Handler) for HardFault_Handler
    startup_stm32g431xx.o(RESET) refers to stm32g4xx_it.o(i.MemManage_Handler) for MemManage_Handler
    startup_stm32g431xx.o(RESET) refers to stm32g4xx_it.o(i.BusFault_Handler) for BusFault_Handler
    startup_stm32g431xx.o(RESET) refers to stm32g4xx_it.o(i.UsageFault_Handler) for UsageFault_Handler
    startup_stm32g431xx.o(RESET) refers to stm32g4xx_it.o(i.SVC_Handler) for SVC_Handler
    startup_stm32g431xx.o(RESET) refers to stm32g4xx_it.o(i.DebugMon_Handler) for DebugMon_Handler
    startup_stm32g431xx.o(RESET) refers to stm32g4xx_it.o(i.PendSV_Handler) for PendSV_Handler
    startup_stm32g431xx.o(RESET) refers to stm32g4xx_it.o(i.SysTick_Handler) for SysTick_Handler
    startup_stm32g431xx.o(RESET) refers to stm32g4xx_it.o(i.USART1_IRQHandler) for USART1_IRQHandler
    startup_stm32g431xx.o(.text) refers (Special) to heapauxi.o(.text) for __use_two_region_memory
    startup_stm32g431xx.o(.text) refers to system_stm32g4xx.o(i.SystemInit) for SystemInit
    startup_stm32g431xx.o(.text) refers to __main.o(!!!main) for __main
    startup_stm32g431xx.o(.text) refers to startup_stm32g431xx.o(HEAP) for Heap_Mem
    startup_stm32g431xx.o(.text) refers to startup_stm32g431xx.o(STACK) for Stack_Mem
    main.o(i.SystemClock_Config) refers to rt_memclr_w.o(.text) for __aeabi_memclr4
    main.o(i.SystemClock_Config) refers to stm32g4xx_hal_pwr_ex.o(i.HAL_PWREx_ControlVoltageScaling) for HAL_PWREx_ControlVoltageScaling
    main.o(i.SystemClock_Config) refers to stm32g4xx_hal_rcc.o(i.HAL_RCC_OscConfig) for HAL_RCC_OscConfig
    main.o(i.SystemClock_Config) refers to stm32g4xx_hal_rcc.o(i.HAL_RCC_ClockConfig) for HAL_RCC_ClockConfig
    main.o(i.main) refers to stm32g4xx_hal.o(i.HAL_Init) for HAL_Init
    main.o(i.main) refers to main.o(i.SystemClock_Config) for SystemClock_Config
    main.o(i.main) refers to gpio.o(i.MX_GPIO_Init) for MX_GPIO_Init
    main.o(i.main) refers to tim.o(i.MX_TIM15_Init) for MX_TIM15_Init
    main.o(i.main) refers to tim.o(i.MX_TIM17_Init) for MX_TIM17_Init
    main.o(i.main) refers to usart.o(i.MX_USART1_UART_Init) for MX_USART1_UART_Init
    main.o(i.main) refers to tim.o(i.MX_TIM16_Init) for MX_TIM16_Init
    main.o(i.main) refers to stm32g4xx_hal_gpio.o(i.HAL_GPIO_WritePin) for HAL_GPIO_WritePin
    main.o(i.main) refers to stm32g4xx_hal_tim.o(i.HAL_TIM_Base_Start) for HAL_TIM_Base_Start
    main.o(i.main) refers to stm32g4xx_hal_tim.o(i.HAL_TIM_PWM_Start) for HAL_TIM_PWM_Start
    main.o(i.main) refers to stm32g4xx_hal_uart.o(i.HAL_UART_Receive_IT) for HAL_UART_Receive_IT
    main.o(i.main) refers to lcd.o(i.LCD_Init) for LCD_Init
    main.o(i.main) refers to fun.o(i.LedClose) for LedClose
    main.o(i.main) refers to fun.o(i.ButtonScan) for ButtonScan
    main.o(i.main) refers to fun.o(i.ProcessData) for ProcessData
    main.o(i.main) refers to fun.o(i.LedControl) for LedControl
    main.o(i.main) refers to fun.o(i.OutputCharge) for OutputCharge
    main.o(i.main) refers to daddsub_clz.o(x$fpl$dadd) for __aeabi_dadd
    main.o(i.main) refers to daddsub_clz.o(x$fpl$dsub) for __aeabi_dsub
    main.o(i.main) refers to stm32g4xx_hal_tim.o(i.HAL_TIM_PWM_Stop) for HAL_TIM_PWM_Stop
    main.o(i.main) refers to fun.o(i.LcdShowData) for LcdShowData
    main.o(i.main) refers to fun.o(i.LcdShowPara) for LcdShowPara
    main.o(i.main) refers to fun.o(i.UserLcdInit1) for UserLcdInit1
    main.o(i.main) refers to tim.o(.bss) for htim15
    main.o(i.main) refers to fun.o(.data) for Rx
    main.o(i.main) refers to usart.o(.bss) for huart1
    gpio.o(i.MX_GPIO_Init) refers to rt_memclr_w.o(.text) for __aeabi_memclr4
    gpio.o(i.MX_GPIO_Init) refers to stm32g4xx_hal_gpio.o(i.HAL_GPIO_WritePin) for HAL_GPIO_WritePin
    gpio.o(i.MX_GPIO_Init) refers to stm32g4xx_hal_gpio.o(i.HAL_GPIO_Init) for HAL_GPIO_Init
    tim.o(i.HAL_TIM_MspPostInit) refers to rt_memclr_w.o(.text) for __aeabi_memclr4
    tim.o(i.HAL_TIM_MspPostInit) refers to stm32g4xx_hal_gpio.o(i.HAL_GPIO_Init) for HAL_GPIO_Init
    tim.o(i.MX_TIM15_Init) refers to stm32g4xx_hal_tim.o(i.HAL_TIM_Base_Init) for HAL_TIM_Base_Init
[...]
    i.LCD_BusIn                              0x080033c8   Section        0  lcd.o(i.LCD_BusIn)
    i.LCD_BusOut                             0x080033f4   Section        0  lcd.o(i.LCD_BusOut)
    i.LCD_Clear                              0x08003424   Section        0  lcd.o(i.LCD_Clear)
    i.LCD_CtrlLinesConfig                    0x08003458   Section        0  lcd.o(i.LCD_CtrlLinesConfig)
    i.LCD_DisplayChar                        0x080034e8   Section        0  lcd.o(i.LCD_DisplayChar)
    i.LCD_DisplayStringLine                  0x08003500   Section        0  lcd.o(i.LCD_DisplayStringLine)
    i.LCD_DrawChar                           0x08003540   Section        0  lcd.o(i.LCD_DrawChar)
    i.LCD_Init                               0x08003598   Section        0  lcd.o(i.LCD_Init)
    i.LCD_ReadReg                            0x080035d8   Section        0  lcd.o(i.LCD_ReadReg)
    i.LCD_SetBackColor                       0x08003658   Section        0  lcd.o(i.LCD_SetBackColor)
    i.LCD_SetCursor                          0x08003668   Section        0  lcd.o(i.LCD_SetCursor)
    i.LCD_SetTextColor                       0x08003680   Section        0  lcd.o(i.LCD_SetTextColor)
    i.LCD_WriteRAM                           0x08003690   Section        0  lcd.o(i.LCD_WriteRAM)
    i.LCD_WriteRAM_Prepare                   0x080036e8   Section        0  lcd.o(i.LCD_WriteRAM_Prepare)
    i.LCD_WriteReg                           0x08003744   Section        0  lcd.o(i.LCD_WriteReg)
    i.LcdShowData                            0x080037b0   Section        0  fun.o(i.LcdShowData)
    i.LcdShowPara                            0x080037cc   Section        0  fun.o(i.LcdShowPara)
    i.LedClose                               0x08003850   Section        0  fun.o(i.LedClose)
    i.LedControl                             0x08003884   Section        0  fun.o(i.LedControl)
    i.MX_GPIO_Init                           0x080038c8   Section        0  gpio.o(i.MX_GPIO_Init)
    i.MX_TIM15_Init                          0x0800399c   Section        0  tim.o(i.MX_TIM15_Init)
    i.MX_TIM16_Init                          0x08003a08   Section        0  tim.o(i.MX_TIM16_Init)
    i.MX_TIM17_Init                          0x08003a40   Section        0  tim.o(i.MX_TIM17_Init)
    i.MX_USART1_UART_Init                    0x08003ad8   Section        0  usart.o(i.MX_USART1_UART_Init)
    i.MemManage_Handler                      0x08003b40   Section        0  stm32g4xx_it.o(i.MemManage_Handler)
    i.NMI_Handler                            0x08003b42   Section        0  stm32g4xx_it.o(i.NMI_Handler)
    i.OutputCharge                           0x08003b44   Section        0  fun.o(i.OutputCharge)
    i.PendSV_Handler                         0x08003d14   Section        0  stm32g4xx_it.o(i.PendSV_Handler)
    i.ProcessData                            0x08003d18   Section        0  fun.o(i.ProcessData)
    i.REG_8230_Init                          0x0800419c   Section        0  lcd.o(i.REG_8230_Init)
    i.REG_932X_Init                          0x080042ae   Section        0  lcd.o(i.REG_932X_Init)
    i.RecordNumOfCar                         0x080044b0   Section        0  fun.o(i.RecordNumOfCar)
    i.RecordOutTime                          0x080044c0   Section        0  fun.o(i.RecordOutTime)
    i.RecordParkingTime                      0x080044ea   Section        0  fun.o(i.RecordParkingTime)
    i.RecordParkingType                      0x08004514   Section        0  fun.o(i.RecordParkingType)
    i.SVC_Handler                            0x08004522   Section        0  stm32g4xx_it.o(i.SVC_Handler)
    i.SysTick_Handler                        0x08004524   Section        0  stm32g4xx_it.o(i.SysTick_Handler)
    i.SystemClock_Config                     0x08004528   Section        0  main.o(i.SystemClock_Config)
    i.SystemInit                             0x08004590   Section        0  system_stm32g4xx.o(i.SystemInit)
    i.TIM_Base_SetConfig                     0x080045a0   Section        0  stm32g4xx_hal_tim.o(i.TIM_Base_SetConfig)
    i.TIM_CCxChannelCmd                      0x0800465c   Section        0  stm32g4xx_hal_tim.o(i.TIM_CCxChannelCmd)
    i.TIM_ETR_SetConfig                      0x08004676   Section        0  stm32g4xx_hal_tim.o(i.TIM_ETR_SetConfig)
    i.TIM_ITRx_SetConfig                     0x0800468c   Section        0  stm32g4xx_hal_tim.o(i.TIM_ITRx_SetConfig)
    TIM_ITRx_SetConfig                       0x0800468d   Thumb Code    16  stm32g4xx_hal_tim.o(i.TIM_ITRx_SetConfig)
    i.TIM_OC1_SetConfig                      0x080046a0   Section        0  stm32g4xx_hal_tim.o(i.TIM_OC1_SetConfig)
    TIM_OC1_SetConfig                        0x080046a1   Thumb Code   132  stm32g4xx_hal_tim.o(i.TIM_OC1_SetConfig)
    i.TIM_OC2_SetConfig                      0x0800473c   Section        0  stm32g4xx_hal_tim.o(i.TIM_OC2_SetConfig)
    i.TIM_OC3_SetConfig                      0x080047cc   Section        0  stm32g4xx_hal_tim.o(i.TIM_OC3_SetConfig)
    TIM_OC3_SetConfig                        0x080047cd   Thumb Code   118  stm32g4xx_hal_tim.o(i.TIM_OC3_SetConfig)
    i.TIM_OC4_SetConfig                      0x0800485c   Section        0  stm32g4xx_hal_tim.o(i.TIM_OC4_SetConfig)
    TIM_OC4_SetConfig                        0x0800485d   Thumb Code   120  stm32g4xx_hal_tim.o(i.TIM_OC4_SetConfig)
    i.TIM_OC5_SetConfig                      0x080048ec   Section        0  stm32g4xx_hal_tim.o(i.TIM_OC5_SetConfig)
    TIM_OC5_SetConfig                        0x080048ed   Thumb Code    86  stm32g4xx_hal_tim.o(i.TIM_OC5_SetConfig)
    i.TIM_OC6_SetConfig                      0x0800495c   Section        0  stm32g4xx_hal_tim.o(i.TIM_OC6_SetConfig)
    TIM_OC6_SetConfig                        0x0800495d   Thumb Code    88  stm32g4xx_hal_tim.o(i.TIM_OC6_SetConfig)
    i.TIM_TI1_ConfigInputStage               0x080049cc   Section        0  stm32g4xx_hal_tim.o(i.TIM_TI1_ConfigInputStage)
    TIM_TI1_ConfigInputStage                 0x080049cd   Thumb Code    34  stm32g4xx_hal_tim.o(i.TIM_TI1_ConfigInputStage)
    i.TIM_TI2_ConfigInputStage               0x080049ee   Section        0  stm32g4xx_hal_tim.o(i.TIM_TI2_ConfigInputStage)
    TIM_TI2_ConfigInputStage                 0x080049ef   Thumb Code    36  stm32g4xx_hal_tim.o(i.TIM_TI2_ConfigInputStage)
    i.UARTEx_SetNbDataToProcess              0x08004a14   Section        0  stm32g4xx_hal_uart_ex.o(i.UARTEx_SetNbDataToProcess)
    UARTEx_SetNbDataToProcess                0x08004a15   Thumb Code    62  stm32g4xx_hal_uart_ex.o(i.UARTEx_SetNbDataToProcess)
    i.UART_AdvFeatureConfig                  0x08004a58   Section        0  stm32g4xx_hal_uart.o(i.UART_AdvFeatureConfig)
    i.UART_CheckIdleState                    0x08004b20   Section        0  stm32g4xx_hal_uart.o(i.UART_CheckIdleState)
    i.UART_DMAAbortOnError                   0x08004bcc   Section        0  stm32g4xx_hal_uart.o(i.UART_DMAAbortOnError)
    UART_DMAAbortOnError                     0x08004bcd   Thumb Code    16  stm32g4xx_hal_uart.o(i.UART_DMAAbortOnError)
    i.UART_EndRxTransfer                     0x08004bdc   Section        0  stm32g4xx_hal_uart.o(i.UART_EndRxTransfer)
    UART_EndRxTransfer                       0x08004bdd   Thumb Code    78  stm32g4xx_hal_uart.o(i.UART_EndRxTransfer)
    i.UART_RxISR_16BIT                       0x08004c30   Section        0  stm32g4xx_hal_uart.o(i.UART_RxISR_16BIT)
    UART_RxISR_16BIT                         0x08004c31   Thumb Code   196  stm32g4xx_hal_uart.o(i.UART_RxISR_16BIT)
    i.UART_RxISR_16BIT_FIFOEN                0x08004cf8   Section        0  stm32g4xx_hal_uart.o(i.UART_RxISR_16BIT_FIFOEN)
    UART_RxISR_16BIT_FIFOEN                  0x08004cf9   Thumb Code   402  stm32g4xx_hal_uart.o(i.UART_RxISR_16BIT_FIFOEN)
    i.UART_RxISR_8BIT                        0x08004e98   Section        0  stm32g4xx_hal_uart.o(i.UART_RxISR_8BIT)
    UART_RxISR_8BIT                          0x08004e99   Thumb Code   196  stm32g4xx_hal_uart.o(i.UART_RxISR_8BIT)
    i.UART_RxISR_8BIT_FIFOEN                 0x08004f60   Section        0  stm32g4xx_hal_uart.o(i.UART_RxISR_8BIT_FIFOEN)
    UART_RxISR_8BIT_FIFOEN                   0x08004f61   Thumb Code   402  stm32g4xx_hal_uart.o(i.UART_RxISR_8BIT_FIFOEN)
    i.UART_SetConfig                         0x08005100   Section        0  stm32g4xx_hal_uart.o(i.UART_SetConfig)
    i.UART_Start_Receive_IT                  0x08005374   Section        0  stm32g4xx_hal_uart.o(i.UART_Start_Receive_IT)
    i.UART_WaitOnFlagUntilTimeout            0x08005484   Section        0  stm32g4xx_hal_uart.o(i.UART_WaitOnFlagUntilTimeout)
    i.USART1_IRQHandler                      0x08005518   Section        0  stm32g4xx_it.o(i.USART1_IRQHandler)
    i.UsageFault_Handler                     0x08005524   Section        0  stm32g4xx_it.o(i.UsageFault_Handler)
    i.UserLcdInit1                           0x08005528   Section        0  fun.o(i.UserLcdInit1)
    i.UserLcdInit2                           0x080055f4   Section        0  fun.o(i.UserLcdInit2)
    i.__ARM_fpclassify                       0x0800568c   Section        0  fpclassify.o(i.__ARM_fpclassify)
    i.__NVIC_SetPriority                     0x080056bc   Section        0  stm32g4xx_hal_cortex.o(i.__NVIC_SetPriority)
    __NVIC_SetPriority                       0x080056bd   Thumb Code    32  stm32g4xx_hal_cortex.o(i.__NVIC_SetPriority)
    i._is_digit                              0x080056dc   Section        0  __printf_wp.o(i._is_digit)
    i.main                                   0x080056ec   Section        0  main.o(i.main)
    locale$$code                             0x08005884   Section       44  lc_numeric_c.o(locale$$code)
    x$fpl$dadd                               0x080058b0   Section      336  daddsub_clz.o(x$fpl$dadd)
    $v0                                      0x080058b0   Number         0  daddsub_clz.o(x$fpl$dadd)
    _dadd1                                   0x080058c1   Thumb Code     0  daddsub_clz.o(x$fpl$dadd)
    x$fpl$dfltull                            0x08005a00   Section      138  dfltll_clz.o(x$fpl$dfltull)
    $v0                                      0x08005a00   Number         0  dfltll_clz.o(x$fpl$dfltull)
    x$fpl$dmul                               0x08005a8c   Section      340  dmul.o(x$fpl$dmul)
    $v0                                      0x08005a8c   Number         0  dmul.o(x$fpl$dmul)
    x$fpl$dnaninf                            0x08005be0   Section      156  dnaninf.o(x$fpl$dnaninf)
    $v0                                      0x08005be0   Number         0  dnaninf.o(x$fpl$dnaninf)
    x$fpl$dretinf                            0x08005c7c   Section       12  dretinf.o(x$fpl$dretinf)
    $v0                                      0x08005c7c   Number         0  dretinf.o(x$fpl$dretinf)
    x$fpl$dsub                               0x08005c88   Section      468  daddsub_clz.o(x$fpl$dsub)
    $v0                                      0x08005c88   Number         0  daddsub_clz.o(x$fpl$dsub)
    _dsub1                                   0x08005c99   Thumb Code     0  daddsub_clz.o(x$fpl$dsub)
    x$fpl$fpinit                             0x08005e5c   Section       10  fpinit.o(x$fpl$fpinit)
    $v0                                      0x08005e5c   Number         0  fpinit.o(x$fpl$fpinit)
    x$fpl$printf1                            0x08005e66   Section        4  printf1.o(x$fpl$printf1)
    $v0                                      0x08005e66   Number         0  printf1.o(x$fpl$printf1)
    .constdata                               0x08005e6a   Section       24  stm32g4xx_hal_uart.o(.constdata)
    x$fpl$usenofp                            0x08005e6a   Section        0  usenofp.o(x$fpl$usenofp)
    .constdata                               0x08005e82   Section       16  stm32g4xx_hal_uart_ex.o(.constdata)
    numerator                                0x08005e82   Data           8  stm32g4xx_hal_uart_ex.o(.constdata)
    denominator                              0x08005e8a   Data           8  stm32g4xx_hal_uart_ex.o(.constdata)
    .constdata                               0x08005e92   Section       16  system_stm32g4xx.o(.constdata)
    .constdata                               0x08005ea2   Section        8  system_stm32g4xx.o(.constdata)
    .constdata                               0x08005eaa   Section     4560  lcd.o(.constdata)
    .constdata                               0x0800707c   Section      148  bigflt0.o(.constdata)
    tenpwrs_x                                0x0800707c   Data          60  bigflt0.o(.constdata)
    tenpwrs_i                                0x080070b8   Data          64  bigflt0.o(.constdata)
    locale$$data                             0x08007130   Section       28  lc_numeric_c.o(locale$$data)
    __lcnum_c_name                           0x08007134   Data           2  lc_numeric_c.o(locale$$data)
    __lcnum_c_start                          0x0800713c   Data           0  lc_numeric_c.o(locale$$data)
    __lcnum_c_point                          0x08007148   Data           0  lc_numeric_c.o(locale$$data)
    __lcnum_c_thousands                      0x0800714a   Data           0  lc_numeric_c.o(locale$$data)
    __lcnum_c_grouping                       0x0800714b   Data           0  lc_numeric_c.o(locale$$data)
    __lcnum_c_end                            0x0800714c   Data           0  lc_numeric_c.o(locale$$data)
    .data                                    0x20000000   Section       12  stm32g4xx_hal.o(.data)
    .data                                    0x2000000c   Section        4  system_stm32g4xx.o(.data)
    .data                                    0x20000010   Section      164  fun.o(.data)
    Hour                                     0x20000070   Data           8  fun.o(.data)
    .data                                    0x200000b4   Section        6  lcd.o(.data)
    TextColor                                0x200000b4   Data           2  lcd.o(.data)
    BackColor                                0x200000b6   Data           2  lcd.o(.data)
    .bss                                     0x200000bc   Section      228  tim.o(.bss)
    .bss                                     0x200001a0   Section      148  usart.o(.bss)
    .bss                                     0x20000234   Section      180  fun.o(.bss)
    .bss                                     0x200002e8   Section       96  libspace.o(.bss)
    HEAP                                     0x20000348   Section      512  startup_stm32g431xx.o(HEAP)
    Heap_Mem                                 0x20000348   Data         512  startup_stm32g431xx.o(HEAP)
    STACK                                    0x20000548   Section     1024  startup_stm32g431xx.o(STACK)
    Stack_Mem                                0x20000548   Data        1024  startup_stm32g431xx.o(STACK)
    __initial_sp                             0x20000948   Data           0  startup_stm32g431xx.o(STACK)

    Global Symbols

    Symbol Name                              Value     Ov Type        Size  Object(Section)

    BuildAttributes$$THM_ISAv4$E$P$D$K$B$S$7EM$VFPi3$EXTD16$VFPS$VFMA$PE$A:L22UL41UL21$X:L11$S22US41US21$IEEE1$IW$USESV6$~STKCKD$USESV7$~SHL$OTIME$ROPI$IEEEJ$EBA8$UX$STANDARDLIB$REQ8$PRES8$EABIv2 0x00000000   Number         0  anon$$obj.o ABSOLUTE
    __ARM_use_no_argv                        0x00000000   Number         0  main.o ABSOLUTE
    _printf_flags                            0x00000000   Number         0  printf_stubs.o ABSOLUTE
    _printf_return_value                     0x00000000   Number         0  printf_stubs.o ABSOLUTE
    _printf_sizespec                         0x00000000   Number         0  printf_stubs.o ABSOLUTE
    _printf_widthprec                        0x00000000   Number         0  printf_stubs.o ABSOLUTE
    __ARM_exceptions_init                     - Undefined Weak Reference
    __alloca_initialize                       - Undefined Weak Reference
    __arm_preinit_                            - Undefined Weak Reference
    __cpp_initialize__aeabi_                  - Undefined Weak Reference
    __cxa_finalize                            - Undefined Weak Reference
    __sigvec_lookup                           - Undefined Weak Reference
    _atexit_init                              - Undefined Weak Reference
    _call_atexit_fns                          - Undefined Weak Reference
    _clock_init                               - Undefined Weak Reference
    _fp_trap_init                             - Undefined Weak Reference
    _fp_trap_shutdown                         - Undefined Weak Reference
    _get_lc_collate                           - Undefined Weak Reference
    _get_lc_ctype                             - Undefined Weak Reference
    _get_lc_monetary                          - Undefined Weak Reference
    _get_lc_time                              - Undefined Weak Reference
    _getenv_init                              - Undefined Weak Reference
    _handle_redirection                       - Undefined Weak Reference
    _init_alloc                               - Undefined Weak Reference
    _init_user_alloc                          - Undefined Weak Reference
    _initio                                   - Undefined Weak Reference
    _printf_mbtowc                            - Undefined Weak Reference
    _printf_post_padding                      - Undefined Weak Reference
    _printf_pre_padding                       - Undefined Weak Reference
    _printf_truncate_signed                   - Undefined Weak Reference
    _printf_truncate_unsigned                 - Undefined Weak Reference
    _rand_init                                - Undefined Weak Reference
    _signal_finish                            - Undefined Weak Reference
    _signal_init                              - Undefined Weak Reference
    _terminate_alloc                          - Undefined Weak Reference
    _terminate_user_alloc                     - Undefined Weak Reference
    _terminateio                              - Undefined Weak Reference
    __Vectors_Size                           0x000001d8   Number         0  startup_stm32g431xx.o ABSOLUTE
    __Vectors                                0x08000000   Data           4  startup_stm32g431xx.o(RESET)
    __Vectors_End                            0x080001d8   Data           0  startup_stm32g431xx.o(RESET)
    __main                                   0x080001d9   Thumb Code     8  __main.o(!!!main)
    __scatterload                            0x080001e1   Thumb Code     0  __scatter.o(!!!scatter)
    __scatterload_rt2                        0x080001e1   Thumb Code    44  __scatter.o(!!!scatter)
    __scatterload_rt2_thumb_only             0x080001e1   Thumb Code     0  __scatter.o(!!!scatter)
    __scatterload_null                       0x080001ef   Thumb Code     0  __scatter.o(!!!scatter)
    __scatterload_copy                       0x08000215   Thumb Code    26  __scatter_copy.o(!!handler_copy)
    __scatterload_zeroinit                   0x08000231   Thumb Code    28  __scatter_zi.o(!!handler_zi)
    _printf_f                                0x0800024d   Thumb Code     0  _printf_f.o(.ARM.Collect$$_printf_percent$$00000003)
    _printf_percent                          0x0800024d   Thumb Code     0  _printf_percent.o(.ARM.Collect$$_printf_percent$$00000000)
    _printf_ll                               0x08000253   Thumb Code     0  _printf_ll.o(.ARM.Collect$$_printf_percent$$00000007)
    _printf_d                                0x0800025d   Thumb Code     0  _printf_d.o(.ARM.Collect$$_printf_percent$$00000009)
    _printf_llu                              0x08000263   Thumb Code     0  _printf_llu.o(.ARM.Collect$$_printf_percent$$0000000F)
    _printf_c                                0x08000269   Thumb Code     0  _printf_c.o(.ARM.Collect$$_printf_percent$$00000013)
    _printf_percent_end                      0x0800026f   Thumb Code     0  _printf_percent_end.o(.ARM.Collect$$_printf_percent$$00000017)
    __rt_lib_init                            0x08000273   Thumb Code     0  libinit.o(.ARM.Collect$$libinit$$00000000)
    __rt_lib_init_fp_1                       0x08000275   Thumb Code     0  libinit2.o(.ARM.Collect$$libinit$$00000001)
    __rt_lib_init_heap_1                     0x08000279   Thumb Code     0  libinit2.o(.ARM.Collect$$libinit$$0000000A)
    __rt_lib_init_lc_common                  0x08000279   Thumb Code     0  libinit2.o(.ARM.Collect$$libinit$$0000000F)
    __rt_lib_init_preinit_1                  0x08000279   Thumb Code     0  libinit2.o(.ARM.Collect$$libinit$$00000004)
    __rt_lib_init_rand_1                     0x08000279   Thumb Code     0  libinit2.o(.ARM.Collect$$libinit$$0000000E)
    __rt_lib_init_user_alloc_1               0x08000279   Thumb Code     0  libinit2.o(.ARM.Collect$$libinit$$0000000C)
    __rt_lib_init_lc_collate_1               0x0800027f   Thumb Code     0  libinit2.o(.ARM.Collect$$libinit$$00000011)
    __rt_lib_init_lc_ctype_1                 0x0800027f   Thumb Code     0  libinit2.o(.ARM.Collect$$libinit$$00000013)
    __rt_lib_init_lc_monetary_1              0x0800027f   Thumb Code     0  libinit2.o(.ARM.Collect$$libinit$$00000015)
    __rt_lib_init_lc_numeric_2               0x0800027f   Thumb Code     0  libinit2.o(.ARM.Collect$$libinit$$00000016)
    __rt_lib_init_alloca_1                   0x08000289   Thumb Code     0  libinit2.o(.ARM.Collect$$libinit$$0000002E)
    __rt_lib_init_argv_1                     0x08000289   Thumb Code     0  libinit2.o(.ARM.Collect$$libinit$$0000002C)
    __rt_lib_init_atexit_1                   0x08000289   Thumb Code     0  libinit2.o(.ARM.Collect$$libinit$$0000001B)
    __rt_lib_init_clock_1                    0x08000289   Thumb Code     0  libinit2.o(.ARM.Collect$$libinit$$00000021)
    __rt_lib_init_cpp_1                      0x08000289   Thumb Code     0  libinit2.o(.ARM.Collect$$libinit$$00000032)
    __rt_lib_init_exceptions_1               0x08000289   Thumb Code     0  libinit2.o(.ARM.Collect$$libinit$$00000030)
    __rt_lib_init_fp_trap_1                  0x08000289   Thumb Code     0  libinit2.o(.ARM.Collect$$libinit$$0000001F)
    __rt_lib_init_getenv_1                   0x08000289   Thumb Code     0  libinit2.o(.ARM.Collect$$libinit$$00000023)
    __rt_lib_init_lc_numeric_1               0x08000289   Thumb Code     0  libinit2.o(.ARM.Collect$$libinit$$00000017)
    __rt_lib_init_lc_time_1                  0x08000289   Thumb Code     0  libinit2.o(.ARM.Collect$$libinit$$00000019)
    __rt_lib_init_return                     0x08000289   Thumb Code     0  libinit2.o(.ARM.Collect$$libinit$$00000033)
    __rt_lib_init_signal_1                   0x08000289   Thumb Code     0  libinit2.o(.ARM.Collect$$libinit$$0000001D)
    __rt_lib_init_stdio_1                    0x08000289   Thumb Code     0  libinit2.o(.ARM.Collect$$libinit$$00000025)
    __rt_lib_shutdown                        0x0800028b   Thumb Code     0  libshutdown.o(.ARM.Collect$$libshutdown$$00000000)
    __rt_lib_shutdown_cpp_1                  0x0800028d   Thumb Code     0  libshutdown2.o(.ARM.Collect$$libshutdown$$00000002)
    __rt_lib_shutdown_fp_trap_1              0x0800028d   Thumb Code     0  libshutdown2.o(.ARM.Collect$$libshutdown$$00000007)
    __rt_lib_shutdown_heap_1                 0x0800028d   Thumb Code     0  libshutdown2.o(.ARM.Collect$$libshutdown$$0000000F)
    __rt_lib_shutdown_return                 0x0800028d   Thumb Code     0  libshutdown2.o(.ARM.Collect$$libshutdown$$00000010)
    __rt_lib_shutdown_signal_1               0x0800028d   Thumb Code     0  libshutdown2.o(.ARM.Collect$$libshutdown$$0000000A)
    __rt_lib_shutdown_stdio_1                0x0800028d   Thumb Code     0  libshutdown2.o(.ARM.Collect$$libshutdown$$00000004)
    __rt_lib_shutdown_user_alloc_1           0x0800028d   Thumb Code     0  libshutdown2.o(.ARM.Collect$$libshutdown$$0000000C)
    __rt_entry                               0x0800028f   Thumb Code     0  __rtentry.o(.ARM.Collect$$rtentry$$00000000)
    __rt_entry_presh_1                       0x0800028f   Thumb Code     0  __rtentry2.o(.ARM.Collect$$rtentry$$00000002)
    __rt_entry_sh                            0x0800028f   Thumb Code     0  __rtentry4.o(.ARM.Collect$$rtentry$$00000004)
    __rt_entry_li                            0x08000295   Thumb Code     0  __rtentry2.o(.ARM.Collect$$rtentry$$0000000A)
    __rt_entry_postsh_1                      0x08000295   Thumb Code     0  __rtentry2.o(.ARM.Collect$$rtentry$$00000009)
    __rt_entry_main                          0x08000299   Thumb Code     0  __rtentry2.o(.ARM.Collect$$rtentry$$0000000D)
    __rt_entry_postli_1                      0x08000299   Thumb Code     0  __rtentry2.o(.ARM.Collect$$rtentry$$0000000C)
    __rt_exit                                0x080002a1   Thumb Code     0  rtexit.o(.ARM.Collect$$rtexit$$00000000)
    __rt_exit_ls                             0x080002a3   Thumb Code     0  rtexit2.o(.ARM.Collect$$rtexit$$00000003)
    __rt_exit_prels_1                        0x080002a3   Thumb Code     0  rtexit2.o(.ARM.Collect$$rtexit$$00000002)
    __rt_exit_exit                           0x080002a7   Thumb Code     0  rtexit2.o(.ARM.Collect$$rtexit$$00000004)
    Reset_Handler                            0x080002ad   Thumb Code     8  startup_stm32g431xx.o(.text)
    ADC1_2_IRQHandler                        0x080002c7   Thumb Code     0  startup_stm32g431xx.o(.text)
    COMP1_2_3_IRQHandler                     0x080002c7   Thumb Code     0  startup_stm32g431xx.o(.text)
    COMP4_IRQHandler                         0x080002c7   Thumb Code     0  startup_stm32g431xx.o(.text)
    CORDIC_IRQHandler                        0x080002c7   Thumb Code     0  startup_stm32g431xx.o(.text)
    CRS_IRQHandler                           0x080002c7   Thumb Code     0  startup_stm32g431xx.o(.text)
    DMA1_Channel1_IRQHandler                 0x080002c7   Thumb Code     0  startup_stm32g431xx.o(.text)
    DMA1_Channel2_IRQHandler                 0x080002c7   Thumb Code     0  startup_stm32g431xx.o(.text)
    DMA1_Channel3_IRQHandler                 0x080002c7   Thumb Code     0  startup_stm32g431xx.o(.text)
    DMA1_Channel4_IRQHandler                 0x080002c7   Thumb Code     0  startup_stm32g431xx.o(.text)
    DMA1_Channel5_IRQHandler                 0x080002c7   Thumb Code     0  startup_stm32g431xx.o(.text)
    DMA1_Channel6_IRQHandler                 0x080002c7   Thumb Code     0  startup_stm32g431xx.o(.text)
    DMA2_Channel1_IRQHandler                 0x080002c7   Thumb Code     0  startup_stm32g431xx.o(.text)
    DMA2_Channel2_IRQHandler                 0x080002c7   Thumb Code     0  startup_stm32g431xx.o(.text)
    DMA2_Channel3_IRQHandler                 0x080002c7   Thumb Code     0  startup_stm32g431xx.o(.text)
    DMA2_Channel4_IRQHandler                 0x080002c7   Thumb Code     0  startup_stm32g431xx.o(.text)
    DMA2_Channel5_IRQHandler                 0x080002c7   Thumb Code     0  startup_stm32g431xx.o(.text)
    DMA2_Channel6_IRQHandler                 0x080002c7   Thumb Code     0  startup_stm32g431xx.o(.text)
    DMAMUX_OVR_IRQHandler                    0x080002c7   Thumb Code     0  startup_stm32g431xx.o(.text)
    EXTI0_IRQHandler                         0x080002c7   Thumb Code     0  startup_stm32g431xx.o(.text)
    EXTI15_10_IRQHandler                     0x080002c7   Thumb Code     0  startup_stm32g431xx.o(.text)
    EXTI1_IRQHandler                         0x080002c7   Thumb Code     0  startup_stm32g431xx.o(.text)
    EXTI2_IRQHandler                         0x080002c7   Thumb Code     0  startup_stm32g431xx.o(.text)
    EXTI3_IRQHandler                         0x080002c7   Thumb Code     0  startup_stm32g431xx.o(.text)
    EXTI4_IRQHandler                         0x080002c7   Thumb Code     0  startup_stm32g431xx.o(.text)
    EXTI9_5_IRQHandler                       0x080002c7   Thumb Code     0  startup_stm32g431xx.o(.text)
    FDCAN1_IT0_IRQHandler                    0x080002c7   Thumb Code     0  startup_stm32g431xx.o(.text)
    FDCAN1_IT1_IRQHandler                    0x080002c7   Thumb Code     0  startup_stm32g431xx.o(.text)
    FLASH_IRQHandler                         0x080002c7   Thumb Code     0  startup_stm32g431xx.o(.text)
    FMAC_IRQHandler                          0x080002c7   Thumb Code     0  startup_stm32g431xx.o(.text)
    FPU_IRQHandler                           0x080002c7   Thumb Code     0  startup_stm32g431xx.o(.text)
    I2C1_ER_IRQHandler                       0x080002c7   Thumb Code     0  startup_stm32g431xx.o(.text)
    I2C1_EV_IRQHandler                       0x080002c7   Thumb Code     0  startup_stm32g431xx.o(.text)
    I2C2_ER_IRQHandler                       0x080002c7   Thumb Code     0  startup_stm32g431xx.o(.text)
    I2C2_EV_IRQHandler                       0x080002c7   Thumb Code     0  startup_stm32g431xx.o(.text)
    I2C3_ER_IRQHandler                       0x080002c7   Thumb Code     0  startup_stm32g431xx.o(.text)
    I2C3_EV_IRQHandler                       0x080002c7   Thumb Code     0  startup_stm32g431xx.o(.text)
    LPTIM1_IRQHandler                        0x080002c7   Thumb Code     0  startup_stm32g431xx.o(.text)
    LPUART1_IRQHandler                       0x080002c7   Thumb Code     0  startup_stm32g431xx.o(.text)
    PVD_PVM_IRQHandler                       0x080002c7   Thumb Code     0  startup_stm32g431xx.o(.text)
    RCC_IRQHandler                           0x080002c7   Thumb Code     0  startup_stm32g431xx.o(.text)
    RNG_IRQHandler                           0x080002c7   Thumb Code     0  startup_stm32g431xx.o(.text)
    RTC_Alarm_IRQHandler                     0x080002c7   Thumb Code     0  startup_stm32g431xx.o(.text)
    RTC_TAMP_LSECSS_IRQHandler               0x080002c7   Thumb Code     0  startup_stm32g431xx.o(.text)
    RTC_WKUP_IRQHandler                      0x080002c7   Thumb Code     0  startup_stm32g431xx.o(.text)
    SAI1_IRQHandler                          0x080002c7   Thumb Code     0  startup_stm32g431xx.o(.text)
    SPI1_IRQHandler                          0x080002c7   Thumb Code     0  startup_stm32g431xx.o(.text)
    SPI2_IRQHandler                          0x080002c7   Thumb Code     0  startup_stm32g431xx.o(.text)
    SPI3_IRQHandler                          0x080002c7   Thumb Code     0  startup_stm32g431xx.o(.text)
    TIM1_BRK_TIM15_IRQHandler                0x080002c7   Thumb Code     0  startup_stm32g431xx.o(.text)
    TIM1_CC_IRQHandler                       0x080002c7   Thumb Code     0  startup_stm32g431xx.o(.text)
    TIM1_TRG_COM_TIM17_IRQHandler            0x080002c7   Thumb Code     0  startup_stm32g431xx.o(.text)
    TIM1_UP_TIM16_IRQHandler                 0x080002c7   Thumb Code     0  startup_stm32g431xx.o(.text)
    TIM2_IRQHandler                          0x080002c7   Thumb Code     0  startup_stm32g431xx.o(.text)
    TIM3_IRQHandler                          0x080002c7   Thumb Code     0  startup_stm32g431xx.o(.text)
    TIM4_IRQHandler                          0x080002c7   Thumb Code     0  startup_stm32g431xx.o(.text)
    TIM6_DAC_IRQHandler                      0x080002c7   Thumb Code     0  startup_stm32g431xx.o(.text)
    TIM7_IRQHandler                          0x080002c7   Thumb Code     0  startup_stm32g431xx.o(.text)
    TIM8_BRK_IRQHandler                      0x080002c7   Thumb Code     0  startup_stm32g431xx.o(.text)
    TIM8_CC_IRQHandler                       0x080002c7   Thumb Code     0  startup_stm32g431xx.o(.text)
    TIM8_TRG_COM_IRQHandler                  0x080002c7   Thumb Code     0  startup_stm32g431xx.o(.text)
    TIM8_UP_IRQHandler                       0x080002c7   Thumb Code     0  startup_stm32g431xx.o(.text)
    UART4_IRQHandler                         0x080002c7   Thumb Code     0  startup_stm32g431xx.o(.text)
    UCPD1_IRQHandler                         0x080002c7   Thumb Code     0  startup_stm32g431xx.o(.text)
    USART2_IRQHandler                        0x080002c7   Thumb Code     0  startup_stm32g431xx.o(.text)
    USART3_IRQHandler                        0x080002c7   Thumb Code     0  startup_stm32g431xx.o(.text)
    USBWakeUp_IRQHandler                     0x080002c7   Thumb Code     0  startup_stm32g431xx.o(.text)
    USB_HP_IRQHandler                        0x080002c7   Thumb Code     0  startup_stm32g431xx.o(.text)
    USB_LP_IRQHandler                        0x080002c7   Thumb Code     0  startup_stm32g431xx.o(.text)
    WWDG_IRQHandler                          0x080002c7   Thumb Code     0  startup_stm32g431xx.o(.text)
    __user_initial_stackheap                 0x080002c9   Thumb Code     0  startup_stm32g431xx.o(.text)
    __aeabi_uldivmod                         0x080002ed   Thumb Code     0  lludivv7m.o(.text)
    _ll_udiv                                 0x080002ed   Thumb Code   238  lludivv7m.o(.text)
    __2sprintf                               0x080003dd   Thumb Code    34  noretval__2sprintf.o(.text)
    _printf_str                              0x08000405   Thumb Code    82  _printf_str.o(.text)
    _printf_int_dec                          0x08000459   Thumb Code   104  _printf_dec.o(.text)
    _printf_longlong_dec                     0x080004d1   Thumb Code   108  _printf_longlong_dec.o(.text)
    __printf                                 0x0800054d   Thumb Code   352  __printf_ss_wp.o(.text)
    strlen                                   0x080006ad   Thumb Code    62  strlen.o(.text)
    __aeabi_memset                           0x080006eb   Thumb Code    16  aeabi_memset.o(.text)
    __aeabi_memclr4                          0x080006fb   Thumb Code     0  rt_memclr_w.o(.text)
    __aeabi_memclr8                          0x080006fb   Thumb Code     0  rt_memclr_w.o(.text)
    __rt_memclr_w                            0x080006fb   Thumb Code    78  rt_memclr_w.o(.text)
    _memset_w                                0x080006ff   Thumb Code     0  rt_memclr_w.o(.text)
    strcmp                                   0x08000749   Thumb Code   128  strcmpv7m.o(.text)
    __use_two_region_memory                  0x080007c9   Thumb Code     2  heapauxi.o(.text)
    __rt_heap_escrow$2region                 0x080007cb   Thumb Code     2  heapauxi.o(.text)
    __rt_heap_expand$2region                 0x080007cd   Thumb Code     2  heapauxi.o(.text)
    _ll_udiv10                               0x080007cf   Thumb Code   138  lludiv10.o(.text)
    _printf_int_common                       0x08000859   Thumb Code   178  _printf_intcommon.o(.text)
    __lib_sel_fp_printf                      0x0800090b   Thumb Code     2  _printf_fp_dec.o(.text)
    _printf_fp_dec_real                      0x08000abd   Thumb Code   620  _printf_fp_dec.o(.text)
    _printf_char_common                      0x08000d33   Thumb Code    32  _printf_char_common.o(.text)
    _sputc                                   0x08000d59   Thumb Code    10  _sputc.o(.text)
    _printf_cs_common                        0x08000d63   Thumb Code    20  _printf_char.o(.text)
    _printf_char                             0x08000d77   Thumb Code    16  _printf_char.o(.text)
    _printf_string                           0x08000d87   Thumb Code     8  _printf_char.o(.text)
    __aeabi_memclr                           0x08000d8f   Thumb Code     0  rt_memclr.o(.text)
    __rt_memclr                              0x08000d8f   Thumb Code    68  rt_memclr.o(.text)
    _memset                                  0x08000d93   Thumb Code     0  rt_memclr.o(.text)
    __rt_locale                              0x08000dd5   Thumb Code     8  rt_locale_intlibspace.o(.text)
    _printf_fp_infnan                        0x08000ddd   Thumb Code   112  _printf_fp_infnan.o(.text)
    _btod_etento                             0x08000e5d   Thumb Code   224  bigflt0.o(.text)
    __user_libspace                          0x08000f41   Thumb Code     8  libspace.o(.text)
    __user_perproc_libspace                  0x08000f41   Thumb Code     0  libspace.o(.text)
    __user_perthread_libspace                0x08000f41   Thumb Code     0  libspace.o(.text)
    __user_setup_stackheap                   0x08000f49   Thumb Code    74  sys_stackheap_outer.o(.text)
    exit                                     0x08000f93   Thumb Code    18  exit.o(.text)
    _sys_exit                                0x08000fa5   Thumb Code     8  sys_exit.o(.text)
    __I$use$semihosting                      0x08000fb1   Thumb Code     0  use_no_semi.o(.text)
    __use_no_semihosting_swi                 0x08000fb1   Thumb Code     2  use_no_semi.o(.text)
    __semihosting_library_function           0x08000fb3   Thumb Code     0  indicate_semi.o(.text)
    _btod_d2e                                0x08000fb3   Thumb Code    62  btod.o(CL$$btod_d2e)
    _d2e_denorm_low                          0x08000ff1   Thumb Code    70  btod.o(CL$$btod_d2e_denorm_low)
    _d2e_norm_op1                            0x08001037   Thumb Code    96  btod.o(CL$$btod_d2e_norm_op1)
    __btod_div_common                        0x08001097   Thumb Code   696  btod.o(CL$$btod_div_common)
    _e2e                                     0x080013cf   Thumb Code   220  btod.o(CL$$btod_e2e)
    _btod_ediv                               0x080014ab   Thumb Code    42  btod.o(CL$$btod_ediv)
    _btod_emul                               0x080014d5   Thumb Code    42  btod.o(CL$$btod_emul)
    __btod_mult_common                       0x080014ff   Thumb Code   580  btod.o(CL$$btod_mult_common)
    BusFault_Handler                         0x08001743   Thumb Code     2  stm32g4xx_it.o(i.BusFault_Handler)
    ButtonScan                               0x08001745   Thumb Code   170  fun.o(i.ButtonScan)
    DebugMon_Handler                         0x080017fd   Thumb Code     2  stm32g4xx_it.o(i.DebugMon_Handler)
    Delay_LCD                                0x080017ff   Thumb Code    28  lcd.o(i.Delay_LCD)
    Error_Handler                            0x0800181b   Thumb Code     4  main.o(i.Error_Handler)
    HAL_DMA_Abort                            0x0800181f   Thumb Code   106  stm32g4xx_hal_dma.o(i.HAL_DMA_Abort)
    HAL_DMA_Abort_IT                         0x08001889   Thumb Code   120  stm32g4xx_hal_dma.o(i.HAL_DMA_Abort_IT)
    HAL_Delay                                0x08001901   Thumb Code    32  stm32g4xx_hal.o(i.HAL_Delay)
    HAL_GPIO_Init                            0x08001925   Thumb Code   550  stm32g4xx_hal_gpio.o(i.HAL_GPIO_Init)
    HAL_GPIO_ReadPin                         0x08001b6d   Thumb Code    10  stm32g4xx_hal_gpio.o(i.HAL_GPIO_ReadPin)
    HAL_GPIO_WritePin                        0x08001b77   Thumb Code    10  stm32g4xx_hal_gpio.o(i.HAL_GPIO_WritePin)
    HAL_GetTick                              0x08001b81   Thumb Code     6  stm32g4xx_hal.o(i.HAL_GetTick)
    HAL_IncTick                              0x08001b8d   Thumb Code    12  stm32g4xx_hal.o(i.HAL_IncTick)
    HAL_Init                                 0x08001b9d   Thumb Code    30  stm32g4xx_hal.o(i.HAL_Init)
    HAL_InitTick                             0x08001bbd   Thumb Code    58  stm32g4xx_hal.o(i.HAL_InitTick)
    HAL_MspInit                              0x08001c01   Thumb Code    42  stm32g4xx_hal_msp.o(i.HAL_MspInit)
    HAL_NVIC_EnableIRQ                       0x08001c31   Thumb Code    26  stm32g4xx_hal_cortex.o(i.HAL_NVIC_EnableIRQ)
    HAL_NVIC_SetPriority                     0x08001c4d   Thumb Code    60  stm32g4xx_hal_cortex.o(i.HAL_NVIC_SetPriority)
    HAL_NVIC_SetPriorityGrouping             0x08001c8d   Thumb Code    26  stm32g4xx_hal_cortex.o(i.HAL_NVIC_SetPriorityGrouping)
    HAL_PWREx_ControlVoltageScaling          0x08001cb1   Thumb Code   174  stm32g4xx_hal_pwr_ex.o(i.HAL_PWREx_ControlVoltageScaling)
    HAL_PWREx_DisableUCPDDeadBattery         0x08001d6d   Thumb Code    12  stm32g4xx_hal_pwr_ex.o(i.HAL_PWREx_DisableUCPDDeadBattery)
    HAL_RCCEx_PeriphCLKConfig                0x08001d7d   Thumb Code   638  stm32g4xx_hal_rcc_ex.o(i.HAL_RCCEx_PeriphCLKConfig)
    HAL_RCC_ClockConfig                      0x08002005   Thumb Code   444  stm32g4xx_hal_rcc.o(i.HAL_RCC_ClockConfig)
    HAL_RCC_GetPCLK1Freq                     0x080021e1   Thumb Code    24  stm32g4xx_hal_rcc.o(i.HAL_RCC_GetPCLK1Freq)
    HAL_RCC_GetPCLK2Freq                     0x08002205   Thumb Code    24  stm32g4xx_hal_rcc.o(i.HAL_RCC_GetPCLK2Freq)
    HAL_RCC_GetSysClockFreq                  0x08002229   Thumb Code    98  stm32g4xx_hal_rcc.o(i.HAL_RCC_GetSysClockFreq)
    HAL_RCC_OscConfig                        0x08002299   Thumb Code  1028  stm32g4xx_hal_rcc.o(i.HAL_RCC_OscConfig)
    HAL_SYSTICK_Config                       0x0800269d   Thumb Code    40  stm32g4xx_hal_cortex.o(i.HAL_SYSTICK_Config)
    HAL_TIMEx_ConfigBreakDeadTime            0x080026c5   Thumb Code   148  stm32g4xx_hal_tim_ex.o(i.HAL_TIMEx_ConfigBreakDeadTime)
    HAL_TIMEx_MasterConfigSynchronization    0x08002761   Thumb Code   132  stm32g4xx_hal_tim_ex.o(i.HAL_TIMEx_MasterConfigSynchronization)
    HAL_TIM_Base_Init                        0x080027fd   Thumb Code    98  stm32g4xx_hal_tim.o(i.HAL_TIM_Base_Init)
    HAL_TIM_Base_MspInit                     0x08002861   Thumb Code    74  tim.o(i.HAL_TIM_Base_MspInit)
    HAL_TIM_Base_Start                       0x080028bd   Thumb Code    84  stm32g4xx_hal_tim.o(i.HAL_TIM_Base_Start)
    HAL_TIM_ConfigClockSource                0x08002929   Thumb Code   246  stm32g4xx_hal_tim.o(i.HAL_TIM_ConfigClockSource)
    HAL_TIM_MspPostInit                      0x08002a29   Thumb Code    72  tim.o(i.HAL_TIM_MspPostInit)
    HAL_TIM_PWM_ConfigChannel                0x08002a79   Thumb Code   292  stm32g4xx_hal_tim.o(i.HAL_TIM_PWM_ConfigChannel)
    HAL_TIM_PWM_Init                         0x08002b9d   Thumb Code    98  stm32g4xx_hal_tim.o(i.HAL_TIM_PWM_Init)
    HAL_TIM_PWM_MspInit                      0x08002bff   Thumb Code     2  stm32g4xx_hal_tim.o(i.HAL_TIM_PWM_MspInit)
    HAL_TIM_PWM_Start                        0x08002c01   Thumb Code   218  stm32g4xx_hal_tim.o(i.HAL_TIM_PWM_Start)
    HAL_TIM_PWM_Stop                         0x08002cfd   Thumb Code   152  stm32g4xx_hal_tim.o(i.HAL_TIM_PWM_Stop)
    HAL_UARTEx_DisableFifoMode               0x08002da9   Thumb Code    62  stm32g4xx_hal_uart_ex.o(i.HAL_UARTEx_DisableFifoMode)
    HAL_UARTEx_RxEventCallback               0x08002de7   Thumb Code     2  stm32g4xx_hal_uart.o(i.HAL_UARTEx_RxEventCallback)
    HAL_UARTEx_RxFifoFullCallback            0x08002de9   Thumb Code     2  stm32g4xx_hal_uart_ex.o(i.HAL_UARTEx_RxFifoFullCallback)
    HAL_UARTEx_SetRxFifoThreshold            0x08002deb   Thumb Code    76  stm32g4xx_hal_uart_ex.o(i.HAL_UARTEx_SetRxFifoThreshold)
    HAL_UARTEx_SetTxFifoThreshold            0x08002e37   Thumb Code    76  stm32g4xx_hal_uart_ex.o(i.HAL_UARTEx_SetTxFifoThreshold)
    HAL_UARTEx_TxFifoEmptyCallback           0x08002e83   Thumb Code     2  stm32g4xx_hal_uart_ex.o(i.HAL_UARTEx_TxFifoEmptyCallback)
    HAL_UARTEx_WakeupCallback                0x08002e85   Thumb Code     2  stm32g4xx_hal_uart_ex.o(i.HAL_UARTEx_WakeupCallback)
    HAL_UART_ErrorCallback                   0x08002e87   Thumb Code     2  stm32g4xx_hal_uart.o(i.HAL_UART_ErrorCallback)
    HAL_UART_IRQHandler                      0x08002e89   Thumb Code   782  stm32g4xx_hal_uart.o(i.HAL_UART_IRQHandler)
    HAL_UART_Init                            0x080031a5   Thumb Code   106  stm32g4xx_hal_uart.o(i.HAL_UART_Init)
    HAL_UART_MspInit                         0x08003211   Thumb Code   132  usart.o(i.HAL_UART_MspInit)
    HAL_UART_Receive_IT                      0x0800329d   Thumb Code    66  stm32g4xx_hal_uart.o(i.HAL_UART_Receive_IT)
    HAL_UART_RxCpltCallback                  0x080032e5   Thumb Code    36  fun.o(i.HAL_UART_RxCpltCallback)
    HAL_UART_Transmit                        0x08003315   Thumb Code   174  stm32g4xx_hal_uart.o(i.HAL_UART_Transmit)
    HAL_UART_TxCpltCallback                  0x080033c3   Thumb Code     2  stm32g4xx_hal_uart.o(i.HAL_UART_TxCpltCallback)
    HardFault_Handler                        0x080033c5   Thumb Code     2  stm32g4xx_it.o(i.HardFault_Handler)
    LCD_BusIn                                0x080033c9   Thumb Code    40  lcd.o(i.LCD_BusIn)
    LCD_BusOut                               0x080033f5   Thumb Code    42  lcd.o(i.LCD_BusOut)
    LCD_Clear                                0x08003425   Thumb Code    48  lcd.o(i.LCD_Clear)
    LCD_CtrlLinesConfig                      0x08003459   Thumb Code   134  lcd.o(i.LCD_CtrlLinesConfig)
    LCD_DisplayChar                          0x080034e9   Thumb Code    18  lcd.o(i.LCD_DisplayChar)
    LCD_DisplayStringLine                    0x08003501   Thumb Code    58  lcd.o(i.LCD_DisplayStringLine)
    LCD_DrawChar                             0x08003541   Thumb Code    84  lcd.o(i.LCD_DrawChar)
    LCD_Init                                 0x08003599   Thumb Code    54  lcd.o(i.LCD_Init)
    LCD_ReadReg                              0x080035d9   Thumb Code   120  lcd.o(i.LCD_ReadReg)
    LCD_SetBackColor                         0x08003659   Thumb Code    12  lcd.o(i.LCD_SetBackColor)
    LCD_SetCursor                            0x08003669   Thumb Code    24  lcd.o(i.LCD_SetCursor)
    LCD_SetTextColor                         0x08003681   Thumb Code    12  lcd.o(i.LCD_SetTextColor)
    LCD_WriteRAM                             0x08003691   Thumb Code    80  lcd.o(i.LCD_WriteRAM)
    LCD_WriteRAM_Prepare                     0x080036e9   Thumb Code    82  lcd.o(i.LCD_WriteRAM_Prepare)
    LCD_WriteReg                             0x08003745   Thumb Code   100  lcd.o(i.LCD_WriteReg)
    LcdShowData                              0x080037b1   Thumb Code    24  fun.o(i.LcdShowData)
    LcdShowPara                              0x080037cd   Thumb Code    76  fun.o(i.LcdShowPara)
    LedClose                                 0x08003851   Thumb Code    46  fun.o(i.LedClose)
    LedControl                               0x08003885   Thumb Code    58  fun.o(i.LedControl)
    MX_GPIO_Init                             0x080038c9   Thumb Code   194  gpio.o(i.MX_GPIO_Init)
    MX_TIM15_Init                            0x0800399d   Thumb Code   100  tim.o(i.MX_TIM15_Init)
    MX_TIM16_Init                            0x08003a09   Thumb Code    48  tim.o(i.MX_TIM16_Init)
    MX_TIM17_Init                            0x08003a41   Thumb Code   144  tim.o(i.MX_TIM17_Init)
    MX_USART1_UART_Init                      0x08003ad9   Thumb Code    94  usart.o(i.MX_USART1_UART_Init)
    MemManage_Handler                        0x08003b41   Thumb Code     2  stm32g4xx_it.o(i.MemManage_Handler)
    NMI_Handler                              0x08003b43   Thumb Code     2  stm32g4xx_it.o(i.NMI_Handler)
    OutputCharge                             0x08003b45   Thumb Code   346  fun.o(i.OutputCharge)
    PendSV_Handler                           0x08003d15   Thumb Code     2  stm32g4xx_it.o(i.PendSV_Handler)
    ProcessData                              0x08003d19   Thumb Code   918  fun.o(i.ProcessData)
    REG_8230_Init                            0x0800419d   Thumb Code   274  lcd.o(i.REG_8230_Init)
    REG_932X_Init                            0x080042af   Thumb Code   514  lcd.o(i.REG_932X_Init)
    RecordNumOfCar                           0x080044b1   Thumb Code    16  fun.o(i.RecordNumOfCar)
    RecordOutTime                            0x080044c1   Thumb Code    42  fun.o(i.RecordOutTime)
    RecordParkingTime                        0x080044eb   Thumb Code    42  fun.o(i.RecordParkingTime)
    RecordParkingType                        0x08004515   Thumb Code    14  fun.o(i.RecordParkingType)
    SVC_Handler                              0x08004523   Thumb Code     2  stm32g4xx_it.o(i.SVC_Handler)
    SysTick_Handler                          0x08004525   Thumb Code     4  stm32g4xx_it.o(i.SysTick_Handler)
    SystemClock_Config                       0x08004529   Thumb Code   102  main.o(i.SystemClock_Config)
    SystemInit                               0x08004591   Thumb Code    12  system_stm32g4xx.o(i.SystemInit)
    TIM_Base_SetConfig                       0x080045a1   Thumb Code   160  stm32g4xx_hal_tim.o(i.TIM_Base_SetConfig)
    TIM_CCxChannelCmd                        0x0800465d   Thumb Code    26  stm32g4xx_hal_tim.o(i.TIM_CCxChannelCmd)
    TIM_ETR_SetConfig                        0x08004677   Thumb Code    20  stm32g4xx_hal_tim.o(i.TIM_ETR_SetConfig)
    TIM_OC2_SetConfig                        0x0800473d   Thumb Code   120  stm32g4xx_hal_tim.o(i.TIM_OC2_SetConfig)
    UART_AdvFeatureConfig                    0x08004a59   Thumb Code   200  stm32g4xx_hal_uart.o(i.UART_AdvFeatureConfig)
    UART_CheckIdleState                      0x08004b21   Thumb Code   172  stm32g4xx_hal_uart.o(i.UART_CheckIdleState)
    UART_SetConfig                           0x08005101   Thumb Code   582  stm32g4xx_hal_uart.o(i.UART_SetConfig)
    UART_Start_Receive_IT                    0x08005375   Thumb Code   256  stm32g4xx_hal_uart.o(i.UART_Start_Receive_IT)
    UART_WaitOnFlagUntilTimeout              0x08005485   Thumb Code   148  stm32g4xx_hal_uart.o(i.UART_WaitOnFlagUntilTimeout)
    USART1_IRQHandler                        0x08005519   Thumb Code     6  stm32g4xx_it.o(i.USART1_IRQHandler)
    UsageFault_Handler                       0x08005525   Thumb Code     2  stm32g4xx_it.o(i.UsageFault_Handler)
    UserLcdInit1                             0x08005529   Thumb Code    98  fun.o(i.UserLcdInit1)
    UserLcdInit2                             0x080055f5   Thumb Code    74  fun.o(i.UserLcdInit2)
    __ARM_fpclassify                         0x0800568d   Thumb Code    48  fpclassify.o(i.__ARM_fpclassify)
    _is_digit                                0x080056dd   Thumb Code    14  __printf_wp.o(i._is_digit)
    main                                     0x080056ed   Thumb Code   360  main.o(i.main)
    _get_lc_numeric                          0x08005885   Thumb Code    44  lc_numeric_c.o(locale$$code)
    __aeabi_dadd                             0x080058b1   Thumb Code     0  daddsub_clz.o(x$fpl$dadd)
    _dadd                                    0x080058b1   Thumb Code   332  daddsub_clz.o(x$fpl$dadd)
    __aeabi_ul2d                             0x08005a01   Thumb Code     0  dfltll_clz.o(x$fpl$dfltull)
    _ll_uto_d                                0x08005a01   Thumb Code   138  dfltll_clz.o(x$fpl$dfltull)
    __aeabi_dmul                             0x08005a8d   Thumb Code     0  dmul.o(x$fpl$dmul)
    _dmul                                    0x08005a8d   Thumb Code   332  dmul.o(x$fpl$dmul)
    __fpl_dnaninf                            0x08005be1   Thumb Code   156  dnaninf.o(x$fpl$dnaninf)
    __fpl_dretinf                            0x08005c7d   Thumb Code    12  dretinf.o(x$fpl$dretinf)
    __aeabi_dsub                             0x08005c89   Thumb Code     0  daddsub_clz.o(x$fpl$dsub)
    _dsub                                    0x08005c89   Thumb Code   464  daddsub_clz.o(x$fpl$dsub)
    _fp_init                                 0x08005e5d   Thumb Code    10  fpinit.o(x$fpl$fpinit)
    __fplib_config_fpu_vfp                   0x08005e65   Thumb Code     0  fpinit.o(x$fpl$fpinit)
    __fplib_config_pureend_doubles           0x08005e65   Thumb Code     0  fpinit.o(x$fpl$fpinit)
    _printf_fp_dec                           0x08005e67   Thumb Code     4  printf1.o(x$fpl$printf1)
    UARTPrescTable                           0x08005e6a   Data          24  stm32g4xx_hal_uart.o(.constdata)
    __I$use$fp                               0x08005e6a   Number         0  usenofp.o(x$fpl$usenofp)
    AHBPrescTable                            0x08005e92   Data          16  system_stm32g4xx.o(.constdata)
    APBPrescTable                            0x08005ea2   Data           8  system_stm32g4xx.o(.constdata)
    ASCII_Table                              0x08005eaa   Data        4560  lcd.o(.constdata)
    Region$$Table$$Base                      0x08007110   Number         0  anon$$obj.o(Region$$Table)
    Region$$Table$$Limit                     0x08007130   Number         0  anon$$obj.o(Region$$Table)
    uwTickPrio                               0x20000000   Data           4  stm32g4xx_hal.o(.data)
    uwTickFreq                               0x20000004   Data           4  stm32g4xx_hal.o(.data)
    uwTick                                   0x20000008   Data           4  stm32g4xx_hal.o(.data)
    SystemCoreClock                          0x2000000c   Data           4  system_stm32g4xx.o(.data)
    NumOfCNBR                                0x20000010   Data           1  fun.o(.data)
    NumOfVNBR                                0x20000011   Data           1  fun.o(.data)
    NumOfIDLE                                0x20000012   Data           1  fun.o(.data)
    Rx                                       0x20000013   Data           1  fun.o(.data)
    RxIndex                                  0x20000014   Data           1  fun.o(.data)
    SuccessRx                                0x20000015   Data           1  fun.o(.data)
    ChargeFlag                               0x20000016   Data           1  fun.o(.data)
    DataInitFlag                             0x20000017   Data           1  fun.o(.data)
    RxFlag                                   0x20000018   Data           1  fun.o(.data)
    FlashFlag                                0x20000019   Data           1  fun.o(.data)
    UserLcdInit                              0x2000001a   Data           2  fun.o(.data)
    InYear                                   0x2000001c   Data           2  fun.o(.data)
    OutYear                                  0x2000001e   Data           2  fun.o(.data)
    InMonth                                  0x20000020   Data           2  fun.o(.data)
    OutMonth                                 0x20000022   Data           2  fun.o(.data)
    InDay                                    0x20000024   Data           2  fun.o(.data)
    OutDay                                   0x20000026   Data           2  fun.o(.data)
    InHour                                   0x20000028   Data           2  fun.o(.data)
    OutHour                                  0x2000002a   Data           2  fun.o(.data)
    InMinSenconds                            0x2000002c   Data           2  fun.o(.data)
    OutMinSenconds                           0x2000002e   Data           2  fun.o(.data)
    ButtonState                              0x20000030   Data           4  fun.o(.data)
    ButtonLastState                          0x20000034   Data           4  fun.o(.data)
    LongPress                                0x20000038   Data           4  fun.o(.data)
    TypeOfParking                            0x2000003c   Data           5  fun.o(.data)
    NumOfCar                                 0x20000041   Data           5  fun.o(.data)
    CNBR                                     0x20000048   Data           8  fun.o(.data)
    VNBR                                     0x20000050   Data           8  fun.o(.data)
    ParkingTime                              0x20000058   Data           8  fun.o(.data)
    OutTime                                  0x20000060   Data           8  fun.o(.data)
    Price                                    0x20000068   Data           8  fun.o(.data)
    RxPack                                   0x20000078   Data          30  fun.o(.data)
    DataTimeCut                              0x20000096   Data          30  fun.o(.data)
    dummy                                    0x200000b8   Data           2  lcd.o(.data)
    htim15                                   0x200000bc   Data          76  tim.o(.bss)
    htim16                                   0x20000108   Data          76  tim.o(.bss)
    htim17                                   0x20000154   Data          76  tim.o(.bss)
    huart1                                   0x200001a0   Data         148  usart.o(.bss)
    Text                                     0x20000234   Data          20  fun.o(.bss)
    DataCut1                                 0x20000248   Data          30  fun.o(.bss)
    DataCut2                                 0x20000266   Data          30  fun.o(.bss)
    test                                     0x20000284   Data         100  fun.o(.bss)
    __libspace_start                         0x200002e8   Data          96  libspace.o(.bss)
    __temporary_stack_top$libspace           0x20000348   Data           0  libspace.o(.bss)



==============================================================================

Memory Map of the image

  Image Entry point : 0x080001d9

  Load Region LR_IROM1 (Base: 0x08000000, Size: 0x00007208, Max: 0x00020000, ABSOLUTE)

    Execution Region ER_IROM1 (Exec base: 0x08000000, Load base: 0x08000000, Size: 0x0000714c, Max: 0x00020000, ABSOLUTE)

    Exec Addr    Load Addr    Size         Type   Attr      Idx    E Section Name        Object

    0x08000000   0x08000000   0x000001d8   Data   RO            3    RESET               startup_stm32g431xx.o
    0x080001d8   0x080001d8   0x00000008   Code   RO         4013  * !!!main             c_w.l(__main.o)
    0x080001e0   0x080001e0   0x00000034   Code   RO         4256    !!!scatter          c_w.l(__scatter.o)
    0x08000214   0x08000214   0x0000001a   Code   RO         4258    !!handler_copy      c_w.l(__scatter_copy.o)
    0x0800022e   0x0800022e   0x00000002   PAD
    0x08000230   0x08000230   0x0000001c   Code   RO         4260    !!handler_zi        c_w.l(__scatter_zi.o)
    0x0800024c   0x0800024c   0x00000000   Code   RO         4001    .ARM.Collect$$_printf_percent$$00000000  c_w.l(_printf_percent.o)
    0x0800024c   0x0800024c   0x00000006   Code   RO         4000    .ARM.Collect$$_printf_percent$$00000003  c_w.l(_printf_f.o)
    0x08000252   0x08000252   0x0000000a   Code   RO         4047    .ARM.Collect$$_printf_percent$$00000007  c_w.l(_printf_ll.o)
    0x0800025c   0x0800025c   0x00000006   Code   RO         3999    .ARM.Collect$$_printf_percent$$00000009  c_w.l(_printf_d.o)
    0x08000262   0x08000262   0x00000006   Code   RO         4002    .ARM.Collect$$_printf_percent$$0000000F  c_w.l(_printf_llu.o)
    0x08000268   0x08000268   0x00000006   Code   RO         3998    .ARM.Collect$$_printf_percent$$00000013  c_w.l(_printf_c.o)
    0x0800026e   0x0800026e   0x00000004   Code   RO         4046    .ARM.Collect$$_printf_percent$$00000017  c_w.l(_printf_percent_end.o)
    0x08000272   0x08000272   0x00000002   Code   RO         4129    .ARM.Collect$$libinit$$00000000  c_w.l(libinit.o)
    0x08000274   0x08000274   0x00000004   Code   RO         4130    .ARM.Collect$$libinit$$00000001  c_w.l(libinit2.o)
    0x08000278   0x08000278   0x00000000   Code   RO         4133    .ARM.Collect$$libinit$$00000004  c_w.l(libinit2.o)
    0x08000278   0x08000278   0x00000000   Code   RO         4136    .ARM.Collect$$libinit$$0000000A  c_w.l(libinit2.o)
    0x08000278   0x08000278   0x00000000   Code   RO         4138    .ARM.Collect$$libinit$$0000000C  c_w.l(libinit2.o)
    0x08000278   0x08000278   0x00000000   Code   RO         4140    .ARM.Collect$$libinit$$0000000E  c_w.l(libinit2.o)
    0x08000278   0x08000278   0x00000006   Code   RO         4141    .ARM.Collect$$libinit$$0000000F  c_w.l(libinit2.o)
    0x0800027e   0x0800027e   0x00000000   Code   RO         4143    .ARM.Collect$$libinit$$00000011  c_w.l(libinit2.o)
    0x0800027e   0x0800027e   0x00000000   Code   RO         4145    .ARM.Collect$$libinit$$00000013  c_w.l(libinit2.o)
    0x0800027e   0x0800027e   0x00000000   Code   RO         4147    .ARM.Collect$$libinit$$00000015  c_w.l(libinit2.o)
    0x0800027e   0x0800027e   0x0000000a   Code   RO         4148    .ARM.Collect$$libinit$$00000016  c_w.l(libinit2.o)
    0x08000288   0x08000288   0x00000000   Code   RO         4149    .ARM.Collect$$libinit$$00000017  c_w.l(libinit2.o)
    0x08000288   0x08000288   0x00000000   Code   RO         4151    .ARM.Collect$$libinit$$00000019  c_w.l(libinit2.o)
    0x08000288   0x08000288   0x00000000   Code   RO         4153    .ARM.Collect$$libinit$$0000001B  c_w.l(libinit2.o)
    0x08000288   0x08000288   0x00000000   Code   RO         4155    .ARM.Collect$$libinit$$0000001D  c_w.l(libinit2.o)
    0x08000288   0x08000288   0x00000000   Code   RO         4157    .ARM.Collect$$libinit$$0000001F  c_w.l(libinit2.o)
    0x08000288   0x08000288   0x00000000   Code   RO         4159    .ARM.Collect$$libinit$$00000021  c_w.l(libinit2.o)
    0x08000288   0x08000288   0x00000000   Code   RO         4161    .ARM.Collect$$libinit$$00000023  c_w.l(libinit2.o)
    0x08000288   0x08000288   0x00000000   Code   RO         4163    .ARM.Collect$$libinit$$00000025  c_w.l(libinit2.o)
    0x08000288   0x08000288   0x00000000   Code   RO         4167    .ARM.Collect$$libinit$$0000002C  c_w.l(libinit2.o)
    0x08000288   0x08000288   0x00000000   Code   RO         4169    .ARM.Collect$$libinit$$0000002E  c_w.l(libinit2.o)
    0x08000288   0x08000288   0x00000000   Code   RO         4171    .ARM.Collect$$libinit$$00000030  c_w.l(libinit2.o)
    0x08000288   0x08000288   0x00000000   Code   RO         4173    .ARM.Collect$$libinit$$00000032  c_w.l(libinit2.o)
    0x08000288   0x08000288   0x00000002   Code   RO         4174    .ARM.Collect$$libinit$$00000033  c_w.l(libinit2.o)
    0x0800028a   0x0800028a   0x00000002   Code   RO         4221    .ARM.Collect$$libshutdown$$00000000  c_w.l(libshutdown.o)
    0x0800028c   0x0800028c   0x00000000   Code   RO         4239    .ARM.Collect$$libshutdown$$00000002  c_w.l(libshutdown2.o)
    0x0800028c   0x0800028c   0x00000000   Code   RO         4241    .ARM.Collect$$libshutdown$$00000004  c_w.l(libshutdown2.o)
    0x0800028c   0x0800028c   0x00000000   Code   RO         4244    .ARM.Collect$$libshutdown$$00000007  c_w.l(libshutdown2.o)
    0x0800028c   0x0800028c   0x00000000   Code   RO         4247    .ARM.Collect$$libshutdown$$0000000A  c_w.l(libshutdown2.o)
    0x0800028c   0x0800028c   0x00000000   Code   RO         4249    .ARM.Collect$$libshutdown$$0000000C  c_w.l(libshutdown2.o)
    0x0800028c   0x0800028c   0x00000000   Code   RO         4252    .ARM.Collect$$libshutdown$$0000000F  c_w.l(libshutdown2.o)
    0x0800028c   0x0800028c   0x00000002   Code   RO         4253    .ARM.Collect$$libshutdown$$00000010  c_w.l(libshutdown2.o)
    0x0800028e   0x0800028e   0x00000000   Code   RO         4029    .ARM.Collect$$rtentry$$00000000  c_w.l(__rtentry.o)
    0x0800028e   0x0800028e   0x00000000   Code   RO         4056    .ARM.Collect$$rtentry$$00000002  c_w.l(__rtentry2.o)
    0x0800028e   0x0800028e   0x00000006   Code   RO         4068    .ARM.Collect$$rtentry$$00000004  c_w.l(__rtentry4.o)
    0x08000294   0x08000294   0x00000000   Code   RO         4058    .ARM.Collect$$rtentry$$00000009  c_w.l(__rtentry2.o)
    0x08000294   0x08000294   0x00000004   Code   RO         4059    .ARM.Collect$$rtentry$$0000000A  c_w.l(__rtentry2.o)
    0x08000298   0x08000298   0x00000000   Code   RO         4061    .ARM.Collect$$rtentry$$0000000C  c_w.l(__rtentry2.o)
    0x08000298   0x08000298   0x00000008   Code   RO         4062    .ARM.Collect$$rtentry$$0000000D  c_w.l(__rtentry2.o)
    0x080002a0   0x080002a0   0x00000002   Code   RO         4175    .ARM.Collect$$rtexit$$00000000  c_w.l(rtexit.o)
    0x080002a2   0x080002a2   0x00000000   Code   RO         4190    .ARM.Collect$$rtexit$$00000002  c_w.l(rtexit2.o)
    0x080002a2   0x080002a2   0x00000004   Code   RO         4191    .ARM.Collect$$rtexit$$00000003  c_w.l(rtexit2.o)
    0x080002a6   0x080002a6   0x00000006   Code   RO         4192    .ARM.Collect$$rtexit$$00000004  c_w.l(rtexit2.o)
    0x080002ac   0x080002ac   0x00000040   Code   RO            4    .text               startup_stm32g431xx.o
    0x080002ec   0x080002ec   0x000000ee   Code   RO         3964    .text               c_w.l(lludivv7m.o)
    0x080003da   0x080003da   0x00000002   PAD
    0x080003dc   0x080003dc   0x00000028   Code   RO         3968    .text               c_w.l(noretval__2sprintf.o)
    0x08000404   0x08000404   0x00000052   Code   RO         3972    .text               c_w.l(_printf_str.o)
    0x08000456   0x08000456   0x00000002   PAD
    0x08000458   0x08000458   0x00000078   Code   RO         3974    .text               c_w.l(_printf_dec.o)
    0x080004d0   0x080004d0   0x0000007c   Code   RO         3976    .text               c_w.l(_printf_longlong_dec.o)
    0x0800054c   0x0800054c   0x00000160   Code   RO         3993    .text               c_w.l(__printf_ss_wp.o)
    0x080006ac   0x080006ac   0x0000003e   Code   RO         4003    .text               c_w.l(strlen.o)
    0x080006ea   0x080006ea   0x00000010   Code   RO         4005    .text               c_w.l(aeabi_memset.o)
    0x080006fa   0x080006fa   0x0000004e   Code   RO         4007    .text               c_w.l(rt_memclr_w.o)
    0x08000748   0x08000748   0x00000080   Code   RO         4009    .text               c_w.l(strcmpv7m.o)
    0x080007c8   0x080007c8   0x00000006   Code   RO         4011    .text               c_w.l(heapauxi.o)
    0x080007ce   0x080007ce   0x0000008a   Code   RO         4034    .text               c_w.l(lludiv10.o)
    0x08000858   0x08000858   0x000000b2   Code   RO         4036    .text               c_w.l(_printf_intcommon.o)
    0x0800090a   0x0800090a   0x0000041e   Code   RO         4038    .text               c_w.l(_printf_fp_dec.o)
    0x08000d28   0x08000d28   0x00000030   Code   RO         4040    .text               c_w.l(_printf_char_common.o)
    0x08000d58   0x08000d58   0x0000000a   Code   RO         4042    .text               c_w.l(_sputc.o)
    0x08000d62   0x08000d62   0x0000002c   Code   RO         4044    .text               c_w.l(_printf_char.o)
    0x08000d8e   0x08000d8e   0x00000044   Code   RO         4048    .text               c_w.l(rt_memclr.o)
    0x08000dd2   0x08000dd2   0x00000002   PAD
    0x08000dd4   0x08000dd4   0x00000008   Code   RO         4075    .text               c_w.l(rt_locale_intlibspace.o)
    0x08000ddc   0x08000ddc   0x00000080   Code   RO         4077    .text               c_w.l(_printf_fp_infnan.o)
    0x08000e5c   0x08000e5c   0x000000e4   Code   RO         4081    .text               c_w.l(bigflt0.o)
    0x08000f40   0x08000f40   0x00000008   Code   RO         4113    .text               c_w.l(libspace.o)
    0x08000f48   0x08000f48   0x0000004a   Code   RO         4116    .text               c_w.l(sys_stackheap_outer.o)
    0x08000f92   0x08000f92   0x00000012   Code   RO         4118    .text               c_w.l(exit.o)
    0x08000fa4   0x08000fa4   0x0000000c   Code   RO         4187    .text               c_w.l(sys_exit.o)
    0x08000fb0   0x08000fb0   0x00000002   Code   RO         4208    .text               c_w.l(use_no_semi.o)
    0x08000fb2   0x08000fb2   0x00000000   Code   RO         4210    .text               c_w.l(indicate_semi.o)
    0x08000fb2   0x08000fb2   0x0000003e   Code   RO         4084    CL$$btod_d2e        c_w.l(btod.o)
    0x08000ff0   0x08000ff0   0x00000046   Code   RO         4086    CL$$btod_d2e_denorm_low  c_w.l(btod.o)
    0x08001036   0x08001036   0x00000060   Code   RO         4085    CL$$btod_d2e_norm_op1  c_w.l(btod.o)
    0x08001096   0x08001096   0x00000338   Code   RO         4094    CL$$btod_div_common  c_w.l(btod.o)
    0x080013ce   0x080013ce   0x000000dc   Code   RO         4091    CL$$btod_e2e        c_w.l(btod.o)
    0x080014aa   0x080014aa   0x0000002a   Code   RO         4088    CL$$btod_ediv       c_w.l(btod.o)
    0x080014d4   0x080014d4   0x0000002a   Code   RO         4087    CL$$btod_emul       c_w.l(btod.o)
    0x080014fe   0x080014fe   0x00000244   Code   RO         4093    CL$$btod_mult_common  c_w.l(btod.o)
    0x08001742   0x08001742   0x00000002   Code   RO          308    i.BusFault_Handler  stm32g4xx_it.o
    0x08001744   0x08001744   0x000000b8   Code   RO         3640    i.ButtonScan        fun.o
    0x080017fc   0x080017fc   0x00000002   Code   RO          309    i.DebugMon_Handler  stm32g4xx_it.o
    0x080017fe   0x080017fe   0x0000001c   Code   RO         3758    i.Delay_LCD         lcd.o
    0x0800181a   0x0800181a   0x00000004   Code   RO           13    i.Error_Handler     main.o
    0x0800181e   0x0800181e   0x0000006a   Code   RO         2653    i.HAL_DMA_Abort     stm32g4xx_hal_dma.o
    0x08001888   0x08001888   0x00000078   Code   RO         2654    i.HAL_DMA_Abort_IT  stm32g4xx_hal_dma.o
    0x08001900   0x08001900   0x00000024   Code   RO         1806    i.HAL_Delay         stm32g4xx_hal.o
    0x08001924   0x08001924   0x00000248   Code   RO         2515    i.HAL_GPIO_Init     stm32g4xx_hal_gpio.o
    0x08001b6c   0x08001b6c   0x0000000a   Code   RO         2517    i.HAL_GPIO_ReadPin  stm32g4xx_hal_gpio.o
    0x08001b76   0x08001b76   0x0000000a   Code   RO         2519    i.HAL_GPIO_WritePin  stm32g4xx_hal_gpio.o
    0x08001b80   0x08001b80   0x0000000c   Code   RO         1810    i.HAL_GetTick       stm32g4xx_hal.o
    0x08001b8c   0x08001b8c   0x00000010   Code   RO         1816    i.HAL_IncTick       stm32g4xx_hal.o
    0x08001b9c   0x08001b9c   0x0000001e   Code   RO         1817    i.HAL_Init          stm32g4xx_hal.o
    0x08001bba   0x08001bba   0x00000002   PAD
    0x08001bbc   0x08001bbc   0x00000044   Code   RO         1818    i.HAL_InitTick      stm32g4xx_hal.o
    0x08001c00   0x08001c00   0x00000030   Code   RO          390    i.HAL_MspInit       stm32g4xx_hal_msp.o
    0x08001c30   0x08001c30   0x0000001a   Code   RO         2924    i.HAL_NVIC_EnableIRQ  stm32g4xx_hal_cortex.o
    0x08001c4a   0x08001c4a   0x00000002   PAD
    0x08001c4c   0x08001c4c   0x00000040   Code   RO         2930    i.HAL_NVIC_SetPriority  stm32g4xx_hal_cortex.o
    0x08001c8c   0x08001c8c   0x00000024   Code   RO         2931    i.HAL_NVIC_SetPriorityGrouping  stm32g4xx_hal_cortex.o
    0x08001cb0   0x08001cb0   0x000000bc   Code   RO          415    i.HAL_PWREx_ControlVoltageScaling  stm32g4xx_hal_pwr_ex.o
    0x08001d6c   0x08001d6c   0x00000010   Code   RO          427    i.HAL_PWREx_DisableUCPDDeadBattery  stm32g4xx_hal_pwr_ex.o
    0x08001d7c   0x08001d7c   0x00000288   Code   RO         2177    i.HAL_RCCEx_PeriphCLKConfig  stm32g4xx_hal_rcc_ex.o
    0x08002004   0x08002004   0x000001dc   Code   RO         2052    i.HAL_RCC_ClockConfig  stm32g4xx_hal_rcc.o
    0x080021e0   0x080021e0   0x00000024   Code   RO         2060    i.HAL_RCC_GetPCLK1Freq  stm32g4xx_hal_rcc.o
    0x08002204   0x08002204   0x00000024   Code   RO         2061    i.HAL_RCC_GetPCLK2Freq  stm32g4xx_hal_rcc.o
    0x08002228   0x08002228   0x00000070   Code   RO         2062    i.HAL_RCC_GetSysClockFreq  stm32g4xx_hal_rcc.o
    0x08002298   0x08002298   0x00000404   Code   RO         2065    i.HAL_RCC_OscConfig  stm32g4xx_hal_rcc.o
    0x0800269c   0x0800269c   0x00000028   Code   RO         2935    i.HAL_SYSTICK_Config  stm32g4xx_hal_cortex.o
    0x080026c4   0x080026c4   0x0000009c   Code   RO         1375    i.HAL_TIMEx_ConfigBreakDeadTime  stm32g4xx_hal_tim_ex.o
    0x08002760   0x08002760   0x0000009c   Code   RO         1412    i.HAL_TIMEx_MasterConfigSynchronization  stm32g4xx_hal_tim_ex.o
    0x080027fc   0x080027fc   0x00000062   Code   RO          656    i.HAL_TIM_Base_Init  stm32g4xx_hal_tim.o
    0x0800285e   0x0800285e   0x00000002   PAD
    0x08002860   0x08002860   0x0000005c   Code   RO          207    i.HAL_TIM_Base_MspInit  tim.o
    0x080028bc   0x080028bc   0x0000006c   Code   RO          659    i.HAL_TIM_Base_Start  stm32g4xx_hal_tim.o
    0x08002928   0x08002928   0x00000100   Code   RO          665    i.HAL_TIM_ConfigClockSource  stm32g4xx_hal_tim.o
    0x08002a28   0x08002a28   0x00000050   Code   RO          208    i.HAL_TIM_MspPostInit  tim.o
    0x08002a78   0x08002a78   0x00000124   Code   RO          728    i.HAL_TIM_PWM_ConfigChannel  stm32g4xx_hal_tim.o
    0x08002b9c   0x08002b9c   0x00000062   Code   RO          731    i.HAL_TIM_PWM_Init  stm32g4xx_hal_tim.o
    0x08002bfe   0x08002bfe   0x00000002   Code   RO          733    i.HAL_TIM_PWM_MspInit  stm32g4xx_hal_tim.o
    0x08002c00   0x08002c00   0x000000fc   Code   RO          736    i.HAL_TIM_PWM_Start  stm32g4xx_hal_tim.o
    0x08002cfc   0x08002cfc   0x000000ac   Code   RO          739    i.HAL_TIM_PWM_Stop  stm32g4xx_hal_tim.o
    0x08002da8   0x08002da8   0x0000003e   Code   RO         3484    i.HAL_UARTEx_DisableFifoMode  stm32g4xx_hal_uart_ex.o
    0x08002de6   0x08002de6   0x00000002   Code   RO         3073    i.HAL_UARTEx_RxEventCallback  stm32g4xx_hal_uart.o
    0x08002de8   0x08002de8   0x00000002   Code   RO         3492    i.HAL_UARTEx_RxFifoFullCallback  stm32g4xx_hal_uart_ex.o
    0x08002dea   0x08002dea   0x0000004c   Code   RO         3493    i.HAL_UARTEx_SetRxFifoThreshold  stm32g4xx_hal_uart_ex.o
    0x08002e36   0x08002e36   0x0000004c   Code   RO         3494    i.HAL_UARTEx_SetTxFifoThreshold  stm32g4xx_hal_uart_ex.o
    0x08002e82   0x08002e82   0x00000002   Code   RO         3496    i.HAL_UARTEx_TxFifoEmptyCallback  stm32g4xx_hal_uart_ex.o
    0x08002e84   0x08002e84   0x00000002   Code   RO         3497    i.HAL_UARTEx_WakeupCallback  stm32g4xx_hal_uart_ex.o
    0x08002e86   0x08002e86   0x00000002   Code   RO         3089    i.HAL_UART_ErrorCallback  stm32g4xx_hal_uart.o
    0x08002e88   0x08002e88   0x0000031c   Code   RO         3092    i.HAL_UART_IRQHandler  stm32g4xx_hal_uart.o
    0x080031a4   0x080031a4   0x0000006a   Code   RO         3093    i.HAL_UART_Init     stm32g4xx_hal_uart.o
    0x0800320e   0x0800320e   0x00000002   PAD
    0x08003210   0x08003210   0x0000008c   Code   RO          267    i.HAL_UART_MspInit  usart.o
    0x0800329c   0x0800329c   0x00000048   Code   RO         3098    i.HAL_UART_Receive_IT  stm32g4xx_hal_uart.o
    0x080032e4   0x080032e4   0x00000030   Code   RO         3641    i.HAL_UART_RxCpltCallback  fun.o
    0x08003314   0x08003314   0x000000ae   Code   RO         3102    i.HAL_UART_Transmit  stm32g4xx_hal_uart.o
    0x080033c2   0x080033c2   0x00000002   Code   RO         3105    i.HAL_UART_TxCpltCallback  stm32g4xx_hal_uart.o
    0x080033c4   0x080033c4   0x00000002   Code   RO          310    i.HardFault_Handler  stm32g4xx_it.o
    0x080033c6   0x080033c6   0x00000002   PAD
    0x080033c8   0x080033c8   0x0000002c   Code   RO         3759    i.LCD_BusIn         lcd.o
    0x080033f4   0x080033f4   0x00000030   Code   RO         3760    i.LCD_BusOut        lcd.o
    0x08003424   0x08003424   0x00000034   Code   RO         3761    i.LCD_Clear         lcd.o
    0x08003458   0x08003458   0x00000090   Code   RO         3763    i.LCD_CtrlLinesConfig  lcd.o
    0x080034e8   0x080034e8   0x00000018   Code   RO         3764    i.LCD_DisplayChar   lcd.o
    0x08003500   0x08003500   0x00000040   Code   RO         3767    i.LCD_DisplayStringLine  lcd.o
    0x08003540   0x08003540   0x00000058   Code   RO         3768    i.LCD_DrawChar      lcd.o
    0x08003598   0x08003598   0x00000040   Code   RO         3774    i.LCD_Init          lcd.o
    0x080035d8   0x080035d8   0x00000080   Code   RO         3777    i.LCD_ReadReg       lcd.o
    0x08003658   0x08003658   0x00000010   Code   RO         3778    i.LCD_SetBackColor  lcd.o
    0x08003668   0x08003668   0x00000018   Code   RO         3779    i.LCD_SetCursor     lcd.o
    0x08003680   0x08003680   0x00000010   Code   RO         3781    i.LCD_SetTextColor  lcd.o
    0x08003690   0x08003690   0x00000058   Code   RO         3784    i.LCD_WriteRAM      lcd.o
    0x080036e8   0x080036e8   0x0000005c   Code   RO         3785    i.LCD_WriteRAM_Prepare  lcd.o
    0x08003744   0x08003744   0x0000006c   Code   RO         3786    i.LCD_WriteReg      lcd.o
    0x080037b0   0x080037b0   0x0000001c   Code   RO         3642    i.LcdShowData       fun.o
    0x080037cc   0x080037cc   0x00000084   Code   RO         3643    i.LcdShowPara       fun.o
    0x08003850   0x08003850   0x00000034   Code   RO         3644    i.LedClose          fun.o
    0x08003884   0x08003884   0x00000044   Code   RO         3645    i.LedControl        fun.o
    0x080038c8   0x080038c8   0x000000d4   Code   RO          182    i.MX_GPIO_Init      gpio.o
    0x0800399c   0x0800399c   0x0000006c   Code   RO          209    i.MX_TIM15_Init     tim.o
    0x08003a08   0x08003a08   0x00000038   Code   RO          210    i.MX_TIM16_Init     tim.o
    0x08003a40   0x08003a40   0x00000098   Code   RO          211    i.MX_TIM17_Init     tim.o
    0x08003ad8   0x08003ad8   0x00000068   Code   RO          268    i.MX_USART1_UART_Init  usart.o
    0x08003b40   0x08003b40   0x00000002   Code   RO          311    i.MemManage_Handler  stm32g4xx_it.o
    0x08003b42   0x08003b42   0x00000002   Code   RO          312    i.NMI_Handler       stm32g4xx_it.o
    0x08003b44   0x08003b44   0x000001d0   Code   RO         3646    i.OutputCharge      fun.o
    0x08003d14   0x08003d14   0x00000002   Code   RO          313    i.PendSV_Handler    stm32g4xx_it.o
    0x08003d16   0x08003d16   0x00000002   PAD
    0x08003d18   0x08003d18   0x00000484   Code   RO         3647    i.ProcessData       fun.o
    0x0800419c   0x0800419c   0x00000112   Code   RO         3787    i.REG_8230_Init     lcd.o
    0x080042ae   0x080042ae   0x00000202   Code   RO         3788    i.REG_932X_Init     lcd.o
    0x080044b0   0x080044b0   0x00000010   Code   RO         3648    i.RecordNumOfCar    fun.o
    0x080044c0   0x080044c0   0x0000002a   Code   RO         3649    i.RecordOutTime     fun.o
    0x080044ea   0x080044ea   0x0000002a   Code   RO         3650    i.RecordParkingTime  fun.o
    0x08004514   0x08004514   0x0000000e   Code   RO         3651    i.RecordParkingType  fun.o
    0x08004522   0x08004522   0x00000002   Code   RO          314    i.SVC_Handler       stm32g4xx_it.o
    0x08004524   0x08004524   0x00000004   Code   RO          315    i.SysTick_Handler   stm32g4xx_it.o
    0x08004528   0x08004528   0x00000066   Code   RO           14    i.SystemClock_Config  main.o
    0x0800458e   0x0800458e   0x00000002   PAD
    0x08004590   0x08004590   0x00000010   Code   RO         3603    i.SystemInit        system_stm32g4xx.o
    0x080045a0   0x080045a0   0x000000bc   Code   RO          749    i.TIM_Base_SetConfig  stm32g4xx_hal_tim.o
    0x0800465c   0x0800465c   0x0000001a   Code   RO          750    i.TIM_CCxChannelCmd  stm32g4xx_hal_tim.o
    0x08004676   0x08004676   0x00000014   Code   RO          760    i.TIM_ETR_SetConfig  stm32g4xx_hal_tim.o
    0x0800468a   0x0800468a   0x00000002   PAD
    0x0800468c   0x0800468c   0x00000014   Code   RO          761    i.TIM_ITRx_SetConfig  stm32g4xx_hal_tim.o
    0x080046a0   0x080046a0   0x0000009c   Code   RO          762    i.TIM_OC1_SetConfig  stm32g4xx_hal_tim.o
    0x0800473c   0x0800473c   0x00000090   Code   RO          763    i.TIM_OC2_SetConfig  stm32g4xx_hal_tim.o
    0x080047cc   0x080047cc   0x00000090   Code   RO          764    i.TIM_OC3_SetConfig  stm32g4xx_hal_tim.o
    0x0800485c   0x0800485c   0x00000090   Code   RO          765    i.TIM_OC4_SetConfig  stm32g4xx_hal_tim.o
    0x080048ec   0x080048ec   0x00000070   Code   RO          766    i.TIM_OC5_SetConfig  stm32g4xx_hal_tim.o
    0x0800495c   0x0800495c   0x00000070   Code   RO          767    i.TIM_OC6_SetConfig  stm32g4xx_hal_tim.o
    0x080049cc   0x080049cc   0x00000022   Code   RO          769    i.TIM_TI1_ConfigInputStage  stm32g4xx_hal_tim.o
    0x080049ee   0x080049ee   0x00000024   Code   RO          771    i.TIM_TI2_ConfigInputStage  stm32g4xx_hal_tim.o
    0x08004a12   0x08004a12   0x00000002   PAD
    0x08004a14   0x08004a14   0x00000044   Code   RO         3498    i.UARTEx_SetNbDataToProcess  stm32g4xx_hal_uart_ex.o
    0x08004a58   0x08004a58   0x000000c8   Code   RO         3107    i.UART_AdvFeatureConfig  stm32g4xx_hal_uart.o
    0x08004b20   0x08004b20   0x000000ac   Code   RO         3108    i.UART_CheckIdleState  stm32g4xx_hal_uart.o
    0x08004bcc   0x08004bcc   0x00000010   Code   RO         3109    i.UART_DMAAbortOnError  stm32g4xx_hal_uart.o
    0x08004bdc   0x08004bdc   0x00000054   Code   RO         3119    i.UART_EndRxTransfer  stm32g4xx_hal_uart.o
    0x08004c30   0x08004c30   0x000000c8   Code   RO         3121    i.UART_RxISR_16BIT  stm32g4xx_hal_uart.o
    0x08004cf8   0x08004cf8   0x000001a0   Code   RO         3122    i.UART_RxISR_16BIT_FIFOEN  stm32g4xx_hal_uart.o
    0x08004e98   0x08004e98   0x000000c8   Code   RO         3123    i.UART_RxISR_8BIT   stm32g4xx_hal_uart.o
    0x08004f60   0x08004f60   0x000001a0   Code   RO         3124    i.UART_RxISR_8BIT_FIFOEN  stm32g4xx_hal_uart.o
    0x08005100   0x08005100   0x00000274   Code   RO         3125    i.UART_SetConfig    stm32g4xx_hal_uart.o
    0x08005374   0x08005374   0x00000110   Code   RO         3127    i.UART_Start_Receive_IT  stm32g4xx_hal_uart.o
    0x08005484   0x08005484   0x00000094   Code   RO         3132    i.UART_WaitOnFlagUntilTimeout  stm32g4xx_hal_uart.o
    0x08005518   0x08005518   0x0000000c   Code   RO          316    i.USART1_IRQHandler  stm32g4xx_it.o
    0x08005524   0x08005524   0x00000002   Code   RO          317    i.UsageFault_Handler  stm32g4xx_it.o
    0x08005526   0x08005526   0x00000002   PAD
    0x08005528   0x08005528   0x000000cc   Code   RO         3652    i.UserLcdInit1      fun.o
    0x080055f4   0x080055f4   0x00000098   Code   RO         3653    i.UserLcdInit2      fun.o
    0x0800568c   0x0800568c   0x00000030   Code   RO         4111    i.__ARM_fpclassify  m_wm.l(fpclassify.o)
    0x080056bc   0x080056bc   0x00000020   Code   RO         2937    i.__NVIC_SetPriority  stm32g4xx_hal_cortex.o
    0x080056dc   0x080056dc   0x0000000e   Code   RO         3988    i._is_digit         c_w.l(__printf_wp.o)
    0x080056ea   0x080056ea   0x00000002   PAD
    0x080056ec   0x080056ec   0x00000198   Code   RO           15    i.main              main.o
    0x08005884   0x08005884   0x0000002c   Code   RO         4107    locale$$code        c_w.l(lc_numeric_c.o)
    0x080058b0   0x080058b0   0x00000150   Code   RO         4015    x$fpl$dadd          fz_wm.l(daddsub_clz.o)
    0x08005a00   0x08005a00   0x0000008a   Code   RO         4022    x$fpl$dfltull       fz_wm.l(dfltll_clz.o)
    0x08005a8a   0x08005a8a   0x00000002   PAD
    0x08005a8c   0x08005a8c   0x00000154   Code   RO         4025    x$fpl$dmul          fz_wm.l(dmul.o)
    0x08005be0   0x08005be0   0x0000009c   Code   RO         4050    x$fpl$dnaninf       fz_wm.l(dnaninf.o)
    0x08005c7c   0x08005c7c   0x0000000c   Code   RO         4052    x$fpl$dretinf       fz_wm.l(dretinf.o)
    0x08005c88   0x08005c88   0x000001d4   Code   RO         4017    x$fpl$dsub          fz_wm.l(daddsub_clz.o)
    0x08005e5c   0x08005e5c   0x0000000a   Code   RO         4185    x$fpl$fpinit        fz_wm.l(fpinit.o)
    0x08005e66   0x08005e66   0x00000004   Code   RO         4027    x$fpl$printf1       fz_wm.l(printf1.o)
    0x08005e6a   0x08005e6a   0x00000000   Code   RO         4054    x$fpl$usenofp       fz_wm.l(usenofp.o)
    0x08005e6a   0x08005e6a   0x00000018   Data   RO         3133    .constdata          stm32g4xx_hal_uart.o
    0x08005e82   0x08005e82   0x00000010   Data   RO         3499    .constdata          stm32g4xx_hal_uart_ex.o
    0x08005e92   0x08005e92   0x00000010   Data   RO         3604    .constdata          system_stm32g4xx.o
    0x08005ea2   0x08005ea2   0x00000008   Data   RO         3605    .constdata          system_stm32g4xx.o
    0x08005eaa   0x08005eaa   0x000011d0   Data   RO         3789    .constdata          lcd.o
    0x0800707a   0x0800707a   0x00000002   PAD
    0x0800707c   0x0800707c   0x00000094   Data   RO         4082    .constdata          c_w.l(bigflt0.o)
    0x08007110   0x08007110   0x00000020   Data   RO         4254    Region$$Table       anon$$obj.o
    0x08007130   0x08007130   0x0000001c   Data   RO         4106    locale$$data        c_w.l(lc_numeric_c.o)


    Execution Region RW_IRAM1 (Exec base: 0x20000000, Load base: 0x0800714c, Size: 0x00000948, Max: 0x00008000, ABSOLUTE)

    Exec Addr    Load Addr    Size         Type   Attr      Idx    E Section Name        Object

    0x20000000   0x0800714c   0x0000000c   Data   RW         1837    .data               stm32g4xx_hal.o
    0x2000000c   0x08007158   0x00000004   Data   RW         3606    .data               system_stm32g4xx.o
    0x20000010   0x0800715c   0x000000a4   Data   RW         3657    .data               fun.o
    0x200000b4   0x08007200   0x00000006   Data   RW         3790    .data               lcd.o
    0x200000ba   0x08007206   0x00000002   PAD
    0x200000bc        -       0x000000e4   Zero   RW          212    .bss                tim.o
    0x200001a0        -       0x00000094   Zero   RW          269    .bss                usart.o
    0x20000234        -       0x000000b4   Zero   RW         3654    .bss                fun.o
    0x200002e8        -       0x00000060   Zero   RW         4114    .bss                c_w.l(libspace.o)
    0x20000348        -       0x00000200   Zero   RW            2    HEAP                startup_stm32g431xx.o
    0x20000548        -       0x00000400   Zero   RW            1    STACK               startup_stm32g431xx.o


==============================================================================

Image component sizes


      Code (inc. data)   RO Data    RW Data    ZI Data      Debug   Object Name

      2602        642          0        164        180      13462   fun.o
       212         18          0          0          0       1015   gpio.o
      1816         92       4560          6          0      11280   lcd.o
       514         48          0          0          0     643677   main.o
        64         26        472          0       1536        840   startup_stm32g431xx.o
       162         24          0         12          0       4305   stm32g4xx_hal.o
       198         14          0          0          0      33815   stm32g4xx_hal_cortex.o
       226          0          0          0          0       1927   stm32g4xx_hal_dma.o
       604         34          0          0          0       2987   stm32g4xx_hal_gpio.o
        48          6          0          0          0        862   stm32g4xx_hal_msp.o
       204         18          0          0          0       1401   stm32g4xx_hal_pwr_ex.o
      1688         92          0          0          0       6244   stm32g4xx_hal_rcc.o
       648         10          0          0          0       1876   stm32g4xx_hal_rcc_ex.o
      2414        276          0          0          0      16240   stm32g4xx_hal_tim.o
       312         32          0          0          0       2352   stm32g4xx_hal_tim_ex.o
      3906        144         24          0          0      36858   stm32g4xx_hal_uart.o
       288          6         16          0          0       5346   stm32g4xx_hal_uart_ex.o
        32          6          0          0          0       4606   stm32g4xx_it.o
        16          4         24          4          0       1115   system_stm32g4xx.o
       488         50          0          0        228       3672   tim.o
       244         18          0          0        148       1790   usart.o

    ----------------------------------------------------------------------
     16706       1560       5130        188       2092     795670   Object Totals
         0          0         32          0          0          0   (incl. Generated)
        20          0          2          2          0          0   (incl. Padding)

    ----------------------------------------------------------------------

      Code (inc. data)   RO Data    RW Data    ZI Data      Debug   Library Member Name

         8          0          0          0          0         68   __main.o
       352          0          0          0          0         88   __printf_ss_wp.o
        14          0          0          0          0         68   __printf_wp.o
         0          0          0          0          0          0   __rtentry.o
        12          0          0          0          0          0   __rtentry2.o
         6          0          0          0          0          0   __rtentry4.o
        52          8          0          0          0          0   __scatter.o
        26          0          0          0          0          0   __scatter_copy.o
        28          0          0          0          0          0   __scatter_zi.o
         6          0          0          0          0          0   _printf_c.o
        44          0          0          0          0        108   _printf_char.o
        48          6          0          0          0         96   _printf_char_common.o
         6          0          0          0          0          0   _printf_d.o
       120         16          0          0          0         92   _printf_dec.o
         6          0          0          0          0          0   _printf_f.o
      1054          0          0          0          0        216   _printf_fp_dec.o
       128         16          0          0          0         84   _printf_fp_infnan.o
       178          0          0          0          0         88   _printf_intcommon.o
        10          0          0          0          0          0   _printf_ll.o
         6          0          0          0          0          0   _printf_llu.o
       124         16          0          0          0         92   _printf_longlong_dec.o
         0          0          0          0          0          0   _printf_percent.o
         4          0          0          0          0          0   _printf_percent_end.o
        82          0          0          0          0         80   _printf_str.o
        10          0          0          0          0         68   _sputc.o
        16          0          0          0          0         68   aeabi_memset.o
       228          4        148          0          0         96   bigflt0.o
      1936        128          0          0          0        672   btod.o
        18          0          0          0          0         80   exit.o
         6          0          0          0          0        152   heapauxi.o
         0          0          0          0          0          0   indicate_semi.o
        44         10         28          0          0         76   lc_numeric_c.o
         2          0          0          0          0          0   libinit.o
        22          0          0          0          0          0   libinit2.o
         2          0          0          0          0          0   libshutdown.o
         2          0          0          0          0          0   libshutdown2.o
         8          4          0          0         96         68   libspace.o
       138          0          0          0          0         80   lludiv10.o
       238          0          0          0          0        100   lludivv7m.o
        40          6          0          0          0         84   noretval__2sprintf.o
         8          4          0          0          0         68   rt_locale_intlibspace.o
        68          0          0          0          0         68   rt_memclr.o
        78          0          0          0          0         80   rt_memclr_w.o
         2          0          0          0          0          0   rtexit.o
        10          0          0          0          0          0   rtexit2.o
       128          0          0          0          0         68   strcmpv7m.o
        62          0          0          0          0         76   strlen.o
        12          4          0          0          0         68   sys_exit.o
        74          0          0          0          0         80   sys_stackheap_outer.o
         2          0          0          0          0         68   use_no_semi.o
       804         16          0          0          0        368   daddsub_clz.o
       138          0          0          0          0        132   dfltll_clz.o
       340         12          0          0          0        152   dmul.o
       156          4          0          0          0        140   dnaninf.o
        12          0          0          0          0        116   dretinf.o
        10          0          0          0          0        116   fpinit.o
         4          0          0          0          0        116   printf1.o
         0          0          0          0          0          0   usenofp.o
        48          0          0          0          0        124   fpclassify.o

    ----------------------------------------------------------------------
      6992        254        176          0         96       4464   Library Totals
        12          0          0          0          0          0   (incl. Padding)

    ----------------------------------------------------------------------

      Code (inc. data)   RO Data    RW Data    ZI Data      Debug   Library Name

      5468        222        176          0         96       3200   c_w.l
      1464         32          0          0          0       1140   fz_wm.l
        48          0          0          0          0        124   m_wm.l

    ----------------------------------------------------------------------
      6992        254        176          0         96       4464   Library Totals

    ----------------------------------------------------------------------

==============================================================================


      Code (inc. data)   RO Data    RW Data    ZI Data      Debug   

     23698       1814       5306        188       2188     785766   Grand Totals
     23698       1814       5306        188       2188     785766   ELF Image Totals
     23698       1814       5306        188          0          0   ROM Totals

==============================================================================

    Total RO  Size (Code + RO Data)                29004 (  28.32kB)
    Total RW  Size (RW Data + ZI Data)              2376 (   2.32kB)
    Total ROM Size (Code + RO Data + RW Data)      29192 (  28.51kB)

==============================================================================

